#
# There is insufficient memory for the Java Runtime Environment to continue.
# Native memory allocation (malloc) failed to allocate 634144 bytes. Error detail: Chunk::new
# Possible reasons:
#   The system is out of physical RAM or swap space
#   This process is running with CompressedOops enabled, and the Java Heap may be blocking the growth of the native heap
# Possible solutions:
#   Reduce memory load on the system
#   Increase physical memory or swap space
#   Check if swap backing store is full
#   Decrease Java heap size (-Xmx/-Xms)
#   Decrease number of Java threads
#   Decrease Java thread stack sizes (-Xss)
#   Set larger code cache with -XX:ReservedCodeCacheSize=
#   JVM is running with Unscaled Compressed Oops mode in which the Java heap is
#     placed in the first 4GB address space. The Java Heap base address is the
#     maximum limit for the native heap growth. Please use -XX:HeapBaseMinAddress
#     to set the Java Heap base and to place the Java Heap above 4GB virtual address.
# This output file may be truncated or incomplete.
#
#  Out of Memory Error (arena.cpp:168), pid=33328, tid=32412
#
# JRE version: OpenJDK Runtime Environment Temurin-21.0.12.1+1 (21.0.12.1+1) (build 21.0.12.1+1-LTS)
# Java VM: OpenJDK 64-Bit Server VM Temurin-21.0.12.1+1 (21.0.12.1+1-LTS, mixed mode, sharing, tiered, compressed oops, compressed class ptrs, g1 gc, windows-amd64)
# No core dump will be written. Minidumps are not enabled by default on client versions of Windows
#

---------------  S U M M A R Y ------------

Command Line: --add-opens=java.base/java.lang=ALL-UNNAMED --add-opens=java.base/java.lang.invoke=ALL-UNNAMED --add-opens=java.base/java.util=ALL-UNNAMED --add-opens=java.prefs/java.util.prefs=ALL-UNNAMED --add-exports=jdk.compiler/com.sun.tools.javac.api=ALL-UNNAMED --add-exports=jdk.compiler/com.sun.tools.javac.util=ALL-UNNAMED --add-opens=java.base/java.util=ALL-UNNAMED --add-opens=java.prefs/java.util.prefs=ALL-UNNAMED --add-opens=java.base/java.nio.charset=ALL-UNNAMED --add-opens=java.base/java.net=ALL-UNNAMED --add-opens=java.base/java.util.concurrent.atomic=ALL-UNNAMED --add-opens=java.xml/javax.xml.namespace=ALL-UNNAMED -XX:MaxMetaspaceSize=512m -Xmx2048m -Dfile.encoding=UTF-8 -Duser.country=IN -Duser.language=en -Duser.variant -javaagent:C:\Users\HP\.gradle\wrapper\dists\gradle-8.14.1-bin\baw1sv0jfoi8rxs14qo3h49cs\gradle-8.14.1\lib\agents\gradle-instrumentation-agent-8.14.1.jar org.gradle.launcher.daemon.bootstrap.GradleDaemon 8.14.1

Host: 12th Gen Intel(R) Core(TM) i5-1235U, 12 cores, 7G,  Windows 11 , 64 bit Build 26100 (10.0.26100.9278)
Time: Wed Sep  9 14:45:37 2026 India Standard Time elapsed time: 83.661825 seconds (0d 0h 1m 23s)

---------------  T H R E A D  ---------------

Current thread (0x0000022c61c3ba80):  JavaThread "C2 CompilerThread0" daemon [_thread_in_native, id=32412, stack(0x00000040a2400000,0x00000040a2500000) (1024K)]


Current CompileTask:
C2:83662 8397       4       org.objectweb.asm.MethodWriter::putMethodInfo (1274 bytes)

Stack: [0x00000040a2400000,0x00000040a2500000]
Native frames: (J=compiled Java code, j=interpreted, Vv=VM code, C=native code)
V  [jvm.dll+0x6d83e9]
V  [jvm.dll+0x8b5736]
V  [jvm.dll+0x8b7cee]
V  [jvm.dll+0x8b83d3]
V  [jvm.dll+0x284596]
V  [jvm.dll+0xc685d]
V  [jvm.dll+0xc6da1]
V  [jvm.dll+0x3bf18b]
V  [jvm.dll+0x38b6d2]
V  [jvm.dll+0x38ab1a]
V  [jvm.dll+0x24c700]
V  [jvm.dll+0x24bce0]
V  [jvm.dll+0x1cb4ae]
V  [jvm.dll+0x25baad]
V  [jvm.dll+0x25a03a]
V  [jvm.dll+0x3f8aae]
V  [jvm.dll+0x8600cd]
V  [jvm.dll+0x6d6c1d]
C  [ucrtbase.dll+0x2cd30]
C  [KERNEL32.DLL+0x2ccb7]
C  [ntdll.dll+0xacaec]


---------------  P R O C E S S  ---------------

Threads class SMR info:
_java_thread_list=0x0000022c050fb5f0, length=78, elements={
0x0000022c4a07dbc0, 0x0000022c61c334f0, 0x0000022c61c36360, 0x0000022c61c36dc0,
0x0000022c61c37820, 0x0000022c61c3a290, 0x0000022c61c3acf0, 0x0000022c61c3ba80,
0x0000022c61c50550, 0x0000022c7d260490, 0x0000022c7d1af710, 0x0000022c7ea05ac0,
0x0000022c7ea2f430, 0x0000022c7ec634e0, 0x0000022c7e0537d0, 0x0000022c7dbb3990,
0x0000022c7dcd6160, 0x0000022c7dcd67f0, 0x0000022c7dcd5440, 0x0000022c7dcd6e80,
0x0000022c7dcd7ba0, 0x0000022c7dcd7510, 0x0000022c7dcd5ad0, 0x0000022c7dcd8230,
0x0000022c7efa1260, 0x0000022c7efa2610, 0x0000022c7efa0bd0, 0x0000022c7efa2ca0,
0x0000022c7efa3330, 0x0000022c7efa39c0, 0x0000022c7efa0540, 0x0000022c7efa46e0,
0x0000022c7efa4d70, 0x0000022c7efa18f0, 0x0000022c7efa5400, 0x0000022c7efa1f80,
0x0000022c7efa6e40, 0x0000022c7efa74d0, 0x0000022c04385ca0, 0x0000022c04386330,
0x0000022c04384f80, 0x0000022c04385610, 0x0000022c04382eb0, 0x0000022c04387050,
0x0000022c04383bd0, 0x0000022c043876e0, 0x0000022c043869c0, 0x0000022c04384260,
0x0000022c04387d70, 0x0000022c043848f0, 0x0000022c04389e40, 0x0000022c04389120,
0x0000022c04388a90, 0x0000022c043897b0, 0x0000022c04388400, 0x0000022c0438a4d0,
0x0000022c0455aab0, 0x0000022c04559d90, 0x0000022c04557630, 0x0000022c0455b140,
0x0000022c04557cc0, 0x0000022c0455b7d0, 0x0000022c0455a420, 0x0000022c04558350,
0x0000022c0455be60, 0x0000022c04559070, 0x0000022c045589e0, 0x0000022c0455c4f0,
0x0000022c0455cb80, 0x0000022c04559700, 0x0000022c0455ec50, 0x0000022c0455d210,
0x0000022c0455d8a0, 0x0000022c0455df30, 0x0000022c0455e5c0, 0x0000022c04bcd160,
0x0000022c04bcde80, 0x0000022c04bcc440
}

Java Threads: ( => current thread )
  0x0000022c4a07dbc0 JavaThread "main"                              [_thread_blocked, id=32460, stack(0x00000040a1600000,0x00000040a1700000) (1024K)]
  0x0000022c61c334f0 JavaThread "Reference Handler"          daemon [_thread_blocked, id=35252, stack(0x00000040a1e00000,0x00000040a1f00000) (1024K)]
  0x0000022c61c36360 JavaThread "Finalizer"                  daemon [_thread_blocked, id=19976, stack(0x00000040a1f00000,0x00000040a2000000) (1024K)]
  0x0000022c61c36dc0 JavaThread "Signal Dispatcher"          daemon [_thread_blocked, id=28724, stack(0x00000040a2000000,0x00000040a2100000) (1024K)]
  0x0000022c61c37820 JavaThread "Attach Listener"            daemon [_thread_blocked, id=35528, stack(0x00000040a2100000,0x00000040a2200000) (1024K)]
  0x0000022c61c3a290 JavaThread "Service Thread"             daemon [_thread_blocked, id=6788, stack(0x00000040a2200000,0x00000040a2300000) (1024K)]
  0x0000022c61c3acf0 JavaThread "Monitor Deflation Thread"   daemon [_thread_blocked, id=17804, stack(0x00000040a2300000,0x00000040a2400000) (1024K)]
=>0x0000022c61c3ba80 JavaThread "C2 CompilerThread0"         daemon [_thread_in_native, id=32412, stack(0x00000040a2400000,0x00000040a2500000) (1024K)]
  0x0000022c61c50550 JavaThread "C1 CompilerThread0"         daemon [_thread_blocked, id=18144, stack(0x00000040a2500000,0x00000040a2600000) (1024K)]
  0x0000022c7d260490 JavaThread "Common-Cleaner"             daemon [_thread_blocked, id=27832, stack(0x00000040a2600000,0x00000040a2700000) (1024K)]
  0x0000022c7d1af710 JavaThread "Notification Thread"        daemon [_thread_blocked, id=33500, stack(0x00000040a2700000,0x00000040a2800000) (1024K)]
  0x0000022c7ea05ac0 JavaThread "Daemon health stats"               [_thread_blocked, id=34172, stack(0x00000040a2c00000,0x00000040a2d00000) (1024K)]
  0x0000022c7ea2f430 JavaThread "Incoming local TCP Connector on port 50994"        [_thread_in_native, id=27420, stack(0x00000040a2d00000,0x00000040a2e00000) (1024K)]
  0x0000022c7ec634e0 JavaThread "Daemon periodic checks"            [_thread_blocked, id=12908, stack(0x00000040a2e00000,0x00000040a2f00000) (1024K)]
  0x0000022c7e0537d0 JavaThread "Daemon"                            [_thread_blocked, id=33036, stack(0x00000040a2f00000,0x00000040a3000000) (1024K)]
  0x0000022c7dbb3990 JavaThread "Handler for socket connection from /127.0.0.1:50994 to /127.0.0.1:60085"        [_thread_in_native, id=32772, stack(0x00000040a3000000,0x00000040a3100000) (1024K)]
  0x0000022c7dcd6160 JavaThread "Cancel handler"                    [_thread_blocked, id=4636, stack(0x00000040a3100000,0x00000040a3200000) (1024K)]
  0x0000022c7dcd67f0 JavaThread "Daemon worker"                     [_thread_in_Java, id=21520, stack(0x00000040a3200000,0x00000040a3300000) (1024K)]
  0x0000022c7dcd5440 JavaThread "Asynchronous log dispatcher for DefaultDaemonConnection: socket connection from /127.0.0.1:50994 to /127.0.0.1:60085"        [_thread_blocked, id=29024, stack(0x00000040a3300000,0x00000040a3400000) (1024K)]
  0x0000022c7dcd6e80 JavaThread "Stdin handler"                     [_thread_blocked, id=26656, stack(0x00000040a3400000,0x00000040a3500000) (1024K)]
  0x0000022c7dcd7ba0 JavaThread "Daemon client event forwarder"        [_thread_blocked, id=29620, stack(0x00000040a3500000,0x00000040a3600000) (1024K)]
  0x0000022c7dcd7510 JavaThread "Cache worker for journal cache (C:\Users\HP\.gradle\caches\journal-1)"        [_thread_blocked, id=29708, stack(0x00000040a3600000,0x00000040a3700000) (1024K)]
  0x0000022c7dcd5ad0 JavaThread "File lock request listener"        [_thread_in_native, id=31804, stack(0x00000040a3700000,0x00000040a3800000) (1024K)]
  0x0000022c7dcd8230 JavaThread "Cache worker for file hash cache (C:\Users\HP\.gradle\caches\8.14.1\fileHashes)"        [_thread_blocked, id=26488, stack(0x00000040a3800000,0x00000040a3900000) (1024K)]
  0x0000022c7efa1260 JavaThread "Cache worker for file hash cache (D:\gymforadmin\gymforadmin\android\.gradle\8.14.1\fileHashes)"        [_thread_blocked, id=34356, stack(0x00000040a4000000,0x00000040a4100000) (1024K)]
  0x0000022c7efa2610 JavaThread "Cache worker for Build Output Cleanup Cache (D:\gymforadmin\gymforadmin\android\.gradle\buildOutputCleanup)"        [_thread_blocked, id=10016, stack(0x00000040a4100000,0x00000040a4200000) (1024K)]
  0x0000022c7efa0bd0 JavaThread "File lock release action executor"        [_thread_blocked, id=33164, stack(0x00000040a4200000,0x00000040a4300000) (1024K)]
  0x0000022c7efa2ca0 JavaThread "File watcher server"        daemon [_thread_in_native, id=11560, stack(0x00000040a4300000,0x00000040a4400000) (1024K)]
  0x0000022c7efa3330 JavaThread "File watcher consumer"      daemon [_thread_blocked, id=4044, stack(0x00000040a4400000,0x00000040a4500000) (1024K)]
  0x0000022c7efa39c0 JavaThread "jar transforms"                    [_thread_blocked, id=14496, stack(0x00000040a4500000,0x00000040a4600000) (1024K)]
  0x0000022c7efa0540 JavaThread "jar transforms Thread 2"           [_thread_blocked, id=32872, stack(0x00000040a4600000,0x00000040a4700000) (1024K)]
  0x0000022c7efa46e0 JavaThread "Cache worker for checksums cache (D:\gymforadmin\gymforadmin\android\.gradle\8.14.1\checksums)"        [_thread_blocked, id=29444, stack(0x00000040a4700000,0x00000040a4800000) (1024K)]
  0x0000022c7efa4d70 JavaThread "Cache worker for file content cache (C:\Users\HP\.gradle\caches\8.14.1\fileContent)"        [_thread_blocked, id=34940, stack(0x00000040a4800000,0x00000040a4900000) (1024K)]
  0x0000022c7efa18f0 JavaThread "jar transforms Thread 3"           [_thread_blocked, id=25680, stack(0x00000040a4900000,0x00000040a4a00000) (1024K)]
  0x0000022c7efa5400 JavaThread "Cache worker for cache directory md-supplier (C:\Users\HP\.gradle\caches\8.14.1\md-supplier)"        [_thread_blocked, id=3476, stack(0x00000040a4a00000,0x00000040a4b00000) (1024K)]
  0x0000022c7efa1f80 JavaThread "Cache worker for cache directory md-rule (C:\Users\HP\.gradle\caches\8.14.1\md-rule)"        [_thread_blocked, id=25080, stack(0x00000040a4b00000,0x00000040a4c00000) (1024K)]
  0x0000022c7efa6e40 JavaThread "Cache worker for Build Output Cleanup Cache (D:\gymforadmin\gymforadmin\node_modules\@react-native\gradle-plugin\.gradle\buildOutputCleanup)"        [_thread_blocked, id=28928, stack(0x00000040a4c00000,0x00000040a4d00000) (1024K)]
  0x0000022c7efa74d0 JavaThread "Unconstrained build operations"        [_thread_blocked, id=21180, stack(0x00000040a4d00000,0x00000040a4e00000) (1024K)]
  0x0000022c04385ca0 JavaThread "Unconstrained build operations Thread 2"        [_thread_blocked, id=7156, stack(0x00000040a4e00000,0x00000040a4f00000) (1024K)]
  0x0000022c04386330 JavaThread "Unconstrained build operations Thread 3"        [_thread_blocked, id=11556, stack(0x00000040a4f00000,0x00000040a5000000) (1024K)]
  0x0000022c04384f80 JavaThread "Unconstrained build operations Thread 4"        [_thread_blocked, id=20520, stack(0x00000040a5000000,0x00000040a5100000) (1024K)]
  0x0000022c04385610 JavaThread "Unconstrained build operations Thread 5"        [_thread_blocked, id=30528, stack(0x00000040a5100000,0x00000040a5200000) (1024K)]
  0x0000022c04382eb0 JavaThread "Unconstrained build operations Thread 6"        [_thread_blocked, id=31124, stack(0x00000040a5200000,0x00000040a5300000) (1024K)]
  0x0000022c04387050 JavaThread "Unconstrained build operations Thread 7"        [_thread_blocked, id=20836, stack(0x00000040a1400000,0x00000040a1500000) (1024K)]
  0x0000022c04383bd0 JavaThread "Unconstrained build operations Thread 8"        [_thread_blocked, id=21808, stack(0x00000040a1500000,0x00000040a1600000) (1024K)]
  0x0000022c043876e0 JavaThread "Unconstrained build operations Thread 9"        [_thread_blocked, id=29932, stack(0x00000040a5300000,0x00000040a5400000) (1024K)]
  0x0000022c043869c0 JavaThread "Unconstrained build operations Thread 10"        [_thread_blocked, id=27140, stack(0x00000040a5400000,0x00000040a5500000) (1024K)]
  0x0000022c04384260 JavaThread "Unconstrained build operations Thread 11"        [_thread_blocked, id=27892, stack(0x00000040a5500000,0x00000040a5600000) (1024K)]
  0x0000022c04387d70 JavaThread "Unconstrained build operations Thread 12"        [_thread_blocked, id=35124, stack(0x00000040a5600000,0x00000040a5700000) (1024K)]
  0x0000022c043848f0 JavaThread "Unconstrained build operations Thread 13"        [_thread_blocked, id=27964, stack(0x00000040a5700000,0x00000040a5800000) (1024K)]
  0x0000022c04389e40 JavaThread "Unconstrained build operations Thread 14"        [_thread_blocked, id=17156, stack(0x00000040a5800000,0x00000040a5900000) (1024K)]
  0x0000022c04389120 JavaThread "Unconstrained build operations Thread 15"        [_thread_blocked, id=24740, stack(0x00000040a5900000,0x00000040a5a00000) (1024K)]
  0x0000022c04388a90 JavaThread "Unconstrained build operations Thread 16"        [_thread_blocked, id=23544, stack(0x00000040a5a00000,0x00000040a5b00000) (1024K)]
  0x0000022c043897b0 JavaThread "Unconstrained build operations Thread 17"        [_thread_blocked, id=13452, stack(0x00000040a5b00000,0x00000040a5c00000) (1024K)]
  0x0000022c04388400 JavaThread "Unconstrained build operations Thread 18"        [_thread_blocked, id=33528, stack(0x00000040a5c00000,0x00000040a5d00000) (1024K)]
  0x0000022c0438a4d0 JavaThread "Unconstrained build operations Thread 19"        [_thread_blocked, id=33968, stack(0x00000040a5d00000,0x00000040a5e00000) (1024K)]
  0x0000022c0455aab0 JavaThread "Unconstrained build operations Thread 20"        [_thread_blocked, id=29412, stack(0x00000040a5e00000,0x00000040a5f00000) (1024K)]
  0x0000022c04559d90 JavaThread "Unconstrained build operations Thread 21"        [_thread_blocked, id=29268, stack(0x00000040a5f00000,0x00000040a6000000) (1024K)]
  0x0000022c04557630 JavaThread "Unconstrained build operations Thread 22"        [_thread_blocked, id=27136, stack(0x00000040a6000000,0x00000040a6100000) (1024K)]
  0x0000022c0455b140 JavaThread "Unconstrained build operations Thread 23"        [_thread_blocked, id=32876, stack(0x00000040a6100000,0x00000040a6200000) (1024K)]
  0x0000022c04557cc0 JavaThread "Unconstrained build operations Thread 24"        [_thread_blocked, id=31972, stack(0x00000040a6200000,0x00000040a6300000) (1024K)]
  0x0000022c0455b7d0 JavaThread "Unconstrained build operations Thread 25"        [_thread_blocked, id=23736, stack(0x00000040a6300000,0x00000040a6400000) (1024K)]
  0x0000022c0455a420 JavaThread "Unconstrained build operations Thread 26"        [_thread_blocked, id=3396, stack(0x00000040a6400000,0x00000040a6500000) (1024K)]
  0x0000022c04558350 JavaThread "Unconstrained build operations Thread 27"        [_thread_blocked, id=30128, stack(0x00000040a6500000,0x00000040a6600000) (1024K)]
  0x0000022c0455be60 JavaThread "Unconstrained build operations Thread 28"        [_thread_blocked, id=32548, stack(0x00000040a6600000,0x00000040a6700000) (1024K)]
  0x0000022c04559070 JavaThread "Unconstrained build operations Thread 29"        [_thread_blocked, id=8580, stack(0x00000040a6700000,0x00000040a6800000) (1024K)]
  0x0000022c045589e0 JavaThread "Unconstrained build operations Thread 30"        [_thread_blocked, id=29476, stack(0x00000040a6800000,0x00000040a6900000) (1024K)]
  0x0000022c0455c4f0 JavaThread "Unconstrained build operations Thread 31"        [_thread_blocked, id=29428, stack(0x00000040a6900000,0x00000040a6a00000) (1024K)]
  0x0000022c0455cb80 JavaThread "Unconstrained build operations Thread 32"        [_thread_blocked, id=9580, stack(0x00000040a6a00000,0x00000040a6b00000) (1024K)]
  0x0000022c04559700 JavaThread "Unconstrained build operations Thread 33"        [_thread_blocked, id=35292, stack(0x00000040a6b00000,0x00000040a6c00000) (1024K)]
  0x0000022c0455ec50 JavaThread "Unconstrained build operations Thread 34"        [_thread_blocked, id=32276, stack(0x00000040a6c00000,0x00000040a6d00000) (1024K)]
  0x0000022c0455d210 JavaThread "Unconstrained build operations Thread 35"        [_thread_blocked, id=29752, stack(0x00000040a6d00000,0x00000040a6e00000) (1024K)]
  0x0000022c0455d8a0 JavaThread "Unconstrained build operations Thread 36"        [_thread_blocked, id=33312, stack(0x00000040a6e00000,0x00000040a6f00000) (1024K)]
  0x0000022c0455df30 JavaThread "Unconstrained build operations Thread 37"        [_thread_blocked, id=13908, stack(0x00000040a6f00000,0x00000040a7000000) (1024K)]
  0x0000022c0455e5c0 JavaThread "Unconstrained build operations Thread 38"        [_thread_blocked, id=35836, stack(0x00000040a7000000,0x00000040a7100000) (1024K)]
  0x0000022c04bcd160 JavaThread "Unconstrained build operations Thread 39"        [_thread_blocked, id=35684, stack(0x00000040a7100000,0x00000040a7200000) (1024K)]
  0x0000022c04bcde80 JavaThread "build event listener"              [_thread_blocked, id=33284, stack(0x00000040a7200000,0x00000040a7300000) (1024K)]
  0x0000022c04bcc440 JavaThread "Memory manager"                    [_thread_blocked, id=26240, stack(0x00000040a7300000,0x00000040a7400000) (1024K)]
Total: 78

Other Threads:
  0x0000022c61c16830 VMThread "VM Thread"                           [id=35336, stack(0x00000040a1d00000,0x00000040a1e00000) (1024K)] _threads_hazard_ptr=0x0000022c050fb5f0
  0x0000022c61c04a80 WatcherThread "VM Periodic Task Thread"        [id=14880, stack(0x00000040a1c00000,0x00000040a1d00000) (1024K)]
  0x0000022c4a0d8c40 WorkerThread "GC Thread#0"                     [id=21720, stack(0x00000040a1700000,0x00000040a1800000) (1024K)]
  0x0000022c7d298db0 WorkerThread "GC Thread#1"                     [id=32296, stack(0x00000040a2800000,0x00000040a2900000) (1024K)]
  0x0000022c7d2f3630 WorkerThread "GC Thread#2"                     [id=26724, stack(0x00000040a2900000,0x00000040a2a00000) (1024K)]
  0x0000022c7d205330 WorkerThread "GC Thread#3"                     [id=33460, stack(0x00000040a2a00000,0x00000040a2b00000) (1024K)]
  0x0000022c7ddf3fe0 WorkerThread "GC Thread#4"                     [id=33992, stack(0x00000040a2b00000,0x00000040a2c00000) (1024K)]
  0x0000022c7f7fba60 WorkerThread "GC Thread#5"                     [id=29728, stack(0x00000040a3900000,0x00000040a3a00000) (1024K)]
  0x0000022c7f7fc570 WorkerThread "GC Thread#6"                     [id=19548, stack(0x00000040a3a00000,0x00000040a3b00000) (1024K)]
  0x0000022c7f7fbe10 WorkerThread "GC Thread#7"                     [id=3028, stack(0x00000040a3b00000,0x00000040a3c00000) (1024K)]
  0x0000022c7f7fb6b0 WorkerThread "GC Thread#8"                     [id=26832, stack(0x00000040a3c00000,0x00000040a3d00000) (1024K)]
  0x0000022c7f7fc920 WorkerThread "GC Thread#9"                     [id=27336, stack(0x00000040a3d00000,0x00000040a3e00000) (1024K)]
  0x0000022c4a0e9b40 ConcurrentGCThread "G1 Main Marker"            [id=16560, stack(0x00000040a1800000,0x00000040a1900000) (1024K)]
  0x0000022c4a0ead70 WorkerThread "G1 Conc#0"                       [id=25044, stack(0x00000040a1900000,0x00000040a1a00000) (1024K)]
  0x0000022c7f2302e0 WorkerThread "G1 Conc#1"                       [id=35804, stack(0x00000040a3e00000,0x00000040a3f00000) (1024K)]
  0x0000022c7f2327c0 WorkerThread "G1 Conc#2"                       [id=228, stack(0x00000040a3f00000,0x00000040a4000000) (1024K)]
  0x0000022c61ace160 ConcurrentGCThread "G1 Refine#0"               [id=18948, stack(0x00000040a1a00000,0x00000040a1b00000) (1024K)]
  0x0000022c61ad29b0 ConcurrentGCThread "G1 Service"                [id=10744, stack(0x00000040a1b00000,0x00000040a1c00000) (1024K)]
Total: 18

Threads with active compile tasks:
C2 CompilerThread0  83894 8397       4       org.objectweb.asm.MethodWriter::putMethodInfo (1274 bytes)
Total: 1

VM state: synchronizing (normal execution)

VM Mutex/Monitor currently owned by a thread:  ([mutex/lock_event])
[0x00007ffea4c3f5b0] Threads_lock - owner thread: 0x0000022c61c16830

Heap address: 0x0000000080000000, size: 2048 MB, Compressed Oops mode: 32-bit

CDS archive(s) mapped at: [0x0000022c62000000-0x0000022c62ba0000-0x0000022c62ba0000), size 12189696, SharedBaseAddress: 0x0000022c62000000, ArchiveRelocationMode: 1.
Compressed class space mapped at: 0x0000022c63000000-0x0000022c7d000000, reserved size: 436207616
Narrow klass base: 0x0000022c62000000, Narrow klass shift: 0, Narrow klass range: 0x100000000

GC Precious Log:
 CardTable entry size: 512
 Card Set container configuration: InlinePtr #cards 5 size 8 Array Of Cards #cards 12 size 40 Howl #buckets 4 coarsen threshold 1843 Howl Bitmap #cards 512 size 80 coarsen threshold 460 Card regions per heap region 1 cards per card region 2048
 CPUs: 12 total, 12 available
 Memory: 7835M
 Large Page Support: Disabled
 NUMA Support: Disabled
 Compressed Oops: Enabled (32-bit)
 Heap Region Size: 1M
 Heap Min Capacity: 8M
 Heap Initial Capacity: 124M
 Heap Max Capacity: 2G
 Pre-touch: Disabled
 Parallel Workers: 10
 Concurrent Workers: 3
 Concurrent Refinement Workers: 10
 Periodic GC: Disabled

Heap:
 garbage-first heap   total 97280K, used 73473K [0x0000000080000000, 0x0000000100000000)
  region size 1024K, 21 young (21504K), 4 survivors (4096K)
 Metaspace       used 69637K, committed 71680K, reserved 491520K
  class space    used 10103K, committed 11136K, reserved 425984K

Heap Regions: E=young(eden), S=young(survivor), O=old, HS=humongous(starts), HC=humongous(continues), CS=collection set, F=free, TAMS=top-at-mark-start, PB=parsable bottom
|   0|0x0000000080000000, 0x0000000080100000, 0x0000000080100000|100%|HS|  |TAMS 0x0000000080000000| PB 0x0000000080000000| Complete 
|   1|0x0000000080100000, 0x0000000080200000, 0x0000000080200000|100%|HC|  |TAMS 0x0000000080100000| PB 0x0000000080100000| Complete 
|   2|0x0000000080200000, 0x0000000080300000, 0x0000000080300000|100%|HC|  |TAMS 0x0000000080200000| PB 0x0000000080200000| Complete 
|   3|0x0000000080300000, 0x0000000080400000, 0x0000000080400000|100%| O|  |TAMS 0x0000000080300000| PB 0x0000000080300000| Untracked 
|   4|0x0000000080400000, 0x0000000080500000, 0x0000000080500000|100%| O|  |TAMS 0x0000000080400000| PB 0x0000000080400000| Untracked 
|   5|0x0000000080500000, 0x0000000080600000, 0x0000000080600000|100%| O|  |TAMS 0x0000000080500000| PB 0x0000000080500000| Untracked 
|   6|0x0000000080600000, 0x0000000080700000, 0x0000000080700000|100%|HS|  |TAMS 0x0000000080600000| PB 0x0000000080600000| Complete 
|   7|0x0000000080700000, 0x0000000080800000, 0x0000000080800000|100%| O|  |TAMS 0x0000000080700000| PB 0x0000000080700000| Untracked 
|   8|0x0000000080800000, 0x0000000080900000, 0x0000000080900000|100%| O|  |TAMS 0x0000000080800000| PB 0x0000000080800000| Untracked 
|   9|0x0000000080900000, 0x0000000080a00000, 0x0000000080a00000|100%| O|  |TAMS 0x0000000080900000| PB 0x0000000080900000| Untracked 
|  10|0x0000000080a00000, 0x0000000080b00000, 0x0000000080b00000|100%| O|  |TAMS 0x0000000080a00000| PB 0x0000000080a00000| Untracked 
|  11|0x0000000080b00000, 0x0000000080c00000, 0x0000000080c00000|100%| O|  |TAMS 0x0000000080b00000| PB 0x0000000080b00000| Untracked 
|  12|0x0000000080c00000, 0x0000000080d00000, 0x0000000080d00000|100%| O|  |TAMS 0x0000000080c00000| PB 0x0000000080c00000| Untracked 
|  13|0x0000000080d00000, 0x0000000080e00000, 0x0000000080e00000|100%| O|  |TAMS 0x0000000080d00000| PB 0x0000000080d00000| Untracked 
|  14|0x0000000080e00000, 0x0000000080f00000, 0x0000000080f00000|100%| O|  |TAMS 0x0000000080e00000| PB 0x0000000080e00000| Untracked 
|  15|0x0000000080f00000, 0x0000000081000000, 0x0000000081000000|100%| O|  |TAMS 0x0000000080f00000| PB 0x0000000080f00000| Untracked 
|  16|0x0000000081000000, 0x0000000081100000, 0x0000000081100000|100%| O|  |TAMS 0x0000000081000000| PB 0x0000000081000000| Untracked 
|  17|0x0000000081100000, 0x0000000081200000, 0x0000000081200000|100%| O|  |TAMS 0x0000000081100000| PB 0x0000000081100000| Untracked 
|  18|0x0000000081200000, 0x0000000081300000, 0x0000000081300000|100%| O|  |TAMS 0x0000000081200000| PB 0x0000000081200000| Untracked 
|  19|0x0000000081300000, 0x0000000081400000, 0x0000000081400000|100%| O|  |TAMS 0x0000000081300000| PB 0x0000000081300000| Untracked 
|  20|0x0000000081400000, 0x0000000081500000, 0x0000000081500000|100%| O|  |TAMS 0x0000000081400000| PB 0x0000000081400000| Untracked 
|  21|0x0000000081500000, 0x0000000081600000, 0x0000000081600000|100%| O|  |TAMS 0x0000000081500000| PB 0x0000000081500000| Untracked 
|  22|0x0000000081600000, 0x0000000081700000, 0x0000000081700000|100%| O|  |TAMS 0x0000000081600000| PB 0x0000000081600000| Untracked 
|  23|0x0000000081700000, 0x0000000081800000, 0x0000000081800000|100%| O|  |TAMS 0x0000000081700000| PB 0x0000000081700000| Untracked 
|  24|0x0000000081800000, 0x0000000081800000, 0x0000000081900000|  0%| F|  |TAMS 0x0000000081800000| PB 0x0000000081800000| Untracked 
|  25|0x0000000081900000, 0x0000000081a00000, 0x0000000081a00000|100%| O|  |TAMS 0x0000000081900000| PB 0x0000000081900000| Untracked 
|  26|0x0000000081a00000, 0x0000000081b00000, 0x0000000081b00000|100%| O|  |TAMS 0x0000000081a00000| PB 0x0000000081a00000| Untracked 
|  27|0x0000000081b00000, 0x0000000081c00000, 0x0000000081c00000|100%| O|  |TAMS 0x0000000081b00000| PB 0x0000000081b00000| Untracked 
|  28|0x0000000081c00000, 0x0000000081d00000, 0x0000000081d00000|100%| O|  |TAMS 0x0000000081c00000| PB 0x0000000081c00000| Untracked 
|  29|0x0000000081d00000, 0x0000000081e00000, 0x0000000081e00000|100%| O|  |TAMS 0x0000000081d00000| PB 0x0000000081d00000| Untracked 
|  30|0x0000000081e00000, 0x0000000081f00000, 0x0000000081f00000|100%| O|  |TAMS 0x0000000081e00000| PB 0x0000000081e00000| Untracked 
|  31|0x0000000081f00000, 0x0000000082000000, 0x0000000082000000|100%| O|  |TAMS 0x0000000081f00000| PB 0x0000000081f00000| Untracked 
|  32|0x0000000082000000, 0x0000000082100000, 0x0000000082100000|100%| O|  |TAMS 0x0000000082000000| PB 0x0000000082000000| Untracked 
|  33|0x0000000082100000, 0x0000000082200000, 0x0000000082200000|100%| O|Cm|TAMS 0x0000000082100000| PB 0x0000000082100000| Complete 
|  34|0x0000000082200000, 0x0000000082300000, 0x0000000082300000|100%| O|  |TAMS 0x0000000082200000| PB 0x0000000082200000| Untracked 
|  35|0x0000000082300000, 0x0000000082400000, 0x0000000082400000|100%| O|  |TAMS 0x0000000082300000| PB 0x0000000082300000| Untracked 
|  36|0x0000000082400000, 0x0000000082500000, 0x0000000082500000|100%| O|  |TAMS 0x0000000082400000| PB 0x0000000082400000| Untracked 
|  37|0x0000000082500000, 0x0000000082600000, 0x0000000082600000|100%| O|  |TAMS 0x0000000082500000| PB 0x0000000082500000| Untracked 
|  38|0x0000000082600000, 0x0000000082700000, 0x0000000082700000|100%| O|  |TAMS 0x0000000082600000| PB 0x0000000082600000| Untracked 
|  39|0x0000000082700000, 0x0000000082800000, 0x0000000082800000|100%| O|  |TAMS 0x0000000082700000| PB 0x0000000082700000| Untracked 
|  40|0x0000000082800000, 0x0000000082900000, 0x0000000082900000|100%| O|  |TAMS 0x0000000082800000| PB 0x0000000082800000| Untracked 
|  41|0x0000000082900000, 0x0000000082a00000, 0x0000000082a00000|100%|HS|  |TAMS 0x0000000082900000| PB 0x0000000082900000| Complete 
|  42|0x0000000082a00000, 0x0000000082b00000, 0x0000000082b00000|100%|HC|  |TAMS 0x0000000082a00000| PB 0x0000000082a00000| Complete 
|  43|0x0000000082b00000, 0x0000000082c00000, 0x0000000082c00000|100%|HC|  |TAMS 0x0000000082b00000| PB 0x0000000082b00000| Complete 
|  44|0x0000000082c00000, 0x0000000082d00000, 0x0000000082d00000|100%|HS|  |TAMS 0x0000000082c00000| PB 0x0000000082c00000| Complete 
|  45|0x0000000082d00000, 0x0000000082e00000, 0x0000000082e00000|100%|HC|  |TAMS 0x0000000082d00000| PB 0x0000000082d00000| Complete 
|  46|0x0000000082e00000, 0x0000000082f00000, 0x0000000082f00000|100%|HC|  |TAMS 0x0000000082e00000| PB 0x0000000082e00000| Complete 
|  47|0x0000000082f00000, 0x0000000083000000, 0x0000000083000000|100%| O|  |TAMS 0x0000000082f00000| PB 0x0000000082f00000| Untracked 
|  48|0x0000000083000000, 0x0000000083000000, 0x0000000083100000|  0%| F|  |TAMS 0x0000000083000000| PB 0x0000000083000000| Untracked 
|  49|0x0000000083100000, 0x0000000083100000, 0x0000000083200000|  0%| F|  |TAMS 0x0000000083100000| PB 0x0000000083100000| Untracked 
|  50|0x0000000083200000, 0x00000000832d1130, 0x0000000083300000| 81%| S|CS|TAMS 0x0000000083200000| PB 0x0000000083200000| Complete 
|  51|0x0000000083300000, 0x0000000083400000, 0x0000000083400000|100%| O|  |TAMS 0x0000000083300000| PB 0x0000000083300000| Untracked 
|  52|0x0000000083400000, 0x0000000083500000, 0x0000000083500000|100%| O|  |TAMS 0x0000000083400000| PB 0x0000000083400000| Untracked 
|  53|0x0000000083500000, 0x0000000083600000, 0x0000000083600000|100%| O|  |TAMS 0x0000000083500000| PB 0x0000000083500000| Untracked 
|  54|0x0000000083600000, 0x0000000083700000, 0x0000000083700000|100%| O|  |TAMS 0x0000000083600000| PB 0x0000000083600000| Untracked 
|  55|0x0000000083700000, 0x00000000837ef4a8, 0x0000000083800000| 93%| O|  |TAMS 0x0000000083700000| PB 0x0000000083700000| Untracked 
|  56|0x0000000083800000, 0x0000000083900000, 0x0000000083900000|100%| S|CS|TAMS 0x0000000083800000| PB 0x0000000083800000| Complete 
|  57|0x0000000083900000, 0x0000000083a00000, 0x0000000083a00000|100%| S|CS|TAMS 0x0000000083900000| PB 0x0000000083900000| Complete 
|  58|0x0000000083a00000, 0x0000000083b00000, 0x0000000083b00000|100%| S|CS|TAMS 0x0000000083a00000| PB 0x0000000083a00000| Complete 
|  59|0x0000000083b00000, 0x0000000083b00000, 0x0000000083c00000|  0%| F|  |TAMS 0x0000000083b00000| PB 0x0000000083b00000| Untracked 
|  60|0x0000000083c00000, 0x0000000083c00000, 0x0000000083d00000|  0%| F|  |TAMS 0x0000000083c00000| PB 0x0000000083c00000| Untracked 
|  61|0x0000000083d00000, 0x0000000083d00000, 0x0000000083e00000|  0%| F|  |TAMS 0x0000000083d00000| PB 0x0000000083d00000| Untracked 
|  62|0x0000000083e00000, 0x0000000083e00000, 0x0000000083f00000|  0%| F|  |TAMS 0x0000000083e00000| PB 0x0000000083e00000| Untracked 
|  63|0x0000000083f00000, 0x0000000083f00000, 0x0000000084000000|  0%| F|  |TAMS 0x0000000083f00000| PB 0x0000000083f00000| Untracked 
|  64|0x0000000084000000, 0x0000000084000000, 0x0000000084100000|  0%| F|  |TAMS 0x0000000084000000| PB 0x0000000084000000| Untracked 
|  65|0x0000000084100000, 0x0000000084100000, 0x0000000084200000|  0%| F|  |TAMS 0x0000000084100000| PB 0x0000000084100000| Untracked 
|  66|0x0000000084200000, 0x0000000084200000, 0x0000000084300000|  0%| F|  |TAMS 0x0000000084200000| PB 0x0000000084200000| Untracked 
|  67|0x0000000084300000, 0x0000000084300000, 0x0000000084400000|  0%| F|  |TAMS 0x0000000084300000| PB 0x0000000084300000| Untracked 
|  68|0x0000000084400000, 0x0000000084400000, 0x0000000084500000|  0%| F|  |TAMS 0x0000000084400000| PB 0x0000000084400000| Untracked 
|  69|0x0000000084500000, 0x0000000084500000, 0x0000000084600000|  0%| F|  |TAMS 0x0000000084500000| PB 0x0000000084500000| Untracked 
|  70|0x0000000084600000, 0x0000000084600000, 0x0000000084700000|  0%| F|  |TAMS 0x0000000084600000| PB 0x0000000084600000| Untracked 
|  71|0x0000000084700000, 0x0000000084700000, 0x0000000084800000|  0%| F|  |TAMS 0x0000000084700000| PB 0x0000000084700000| Untracked 
|  72|0x0000000084800000, 0x0000000084800000, 0x0000000084900000|  0%| F|  |TAMS 0x0000000084800000| PB 0x0000000084800000| Untracked 
|  73|0x0000000084900000, 0x0000000084900000, 0x0000000084a00000|  0%| F|  |TAMS 0x0000000084900000| PB 0x0000000084900000| Untracked 
|  74|0x0000000084a00000, 0x0000000084a00000, 0x0000000084b00000|  0%| F|  |TAMS 0x0000000084a00000| PB 0x0000000084a00000| Untracked 
|  75|0x0000000084b00000, 0x0000000084b00000, 0x0000000084c00000|  0%| F|  |TAMS 0x0000000084b00000| PB 0x0000000084b00000| Untracked 
|  76|0x0000000084c00000, 0x0000000084c00000, 0x0000000084d00000|  0%| F|  |TAMS 0x0000000084c00000| PB 0x0000000084c00000| Untracked 
|  77|0x0000000084d00000, 0x0000000084d00000, 0x0000000084e00000|  0%| F|  |TAMS 0x0000000084d00000| PB 0x0000000084d00000| Untracked 
|  78|0x0000000084e00000, 0x0000000084e83410, 0x0000000084f00000| 51%| E|  |TAMS 0x0000000084e00000| PB 0x0000000084e00000| Complete 
|  79|0x0000000084f00000, 0x0000000085000000, 0x0000000085000000|100%| E|CS|TAMS 0x0000000084f00000| PB 0x0000000084f00000| Complete 
|  80|0x0000000085000000, 0x0000000085100000, 0x0000000085100000|100%| E|CS|TAMS 0x0000000085000000| PB 0x0000000085000000| Complete 
|  81|0x0000000085100000, 0x0000000085200000, 0x0000000085200000|100%| E|CS|TAMS 0x0000000085100000| PB 0x0000000085100000| Complete 
|  82|0x0000000085200000, 0x0000000085300000, 0x0000000085300000|100%| E|CS|TAMS 0x0000000085200000| PB 0x0000000085200000| Complete 
|  83|0x0000000085300000, 0x0000000085400000, 0x0000000085400000|100%| E|CS|TAMS 0x0000000085300000| PB 0x0000000085300000| Complete 
|  84|0x0000000085400000, 0x0000000085500000, 0x0000000085500000|100%| E|CS|TAMS 0x0000000085400000| PB 0x0000000085400000| Complete 
|  85|0x0000000085500000, 0x0000000085600000, 0x0000000085600000|100%| E|CS|TAMS 0x0000000085500000| PB 0x0000000085500000| Complete 
|  86|0x0000000085600000, 0x0000000085700000, 0x0000000085700000|100%| E|CS|TAMS 0x0000000085600000| PB 0x0000000085600000| Complete 
|  87|0x0000000085700000, 0x0000000085800000, 0x0000000085800000|100%| E|CS|TAMS 0x0000000085700000| PB 0x0000000085700000| Complete 
|  88|0x0000000085800000, 0x0000000085900000, 0x0000000085900000|100%| E|CS|TAMS 0x0000000085800000| PB 0x0000000085800000| Complete 
|  89|0x0000000085900000, 0x0000000085a00000, 0x0000000085a00000|100%| E|CS|TAMS 0x0000000085900000| PB 0x0000000085900000| Complete 
|  90|0x0000000085a00000, 0x0000000085b00000, 0x0000000085b00000|100%| E|CS|TAMS 0x0000000085a00000| PB 0x0000000085a00000| Complete 
|  95|0x0000000085f00000, 0x0000000086000000, 0x0000000086000000|100%| E|CS|TAMS 0x0000000085f00000| PB 0x0000000085f00000| Complete 
|  96|0x0000000086000000, 0x0000000086100000, 0x0000000086100000|100%| E|CS|TAMS 0x0000000086000000| PB 0x0000000086000000| Complete 
|  97|0x0000000086100000, 0x0000000086200000, 0x0000000086200000|100%| E|CS|TAMS 0x0000000086100000| PB 0x0000000086100000| Complete 
| 123|0x0000000087b00000, 0x0000000087c00000, 0x0000000087c00000|100%| E|CS|TAMS 0x0000000087b00000| PB 0x0000000087b00000| Complete 

Card table byte_map: [0x0000022c5cbe0000,0x0000022c5cfe0000] _byte_map_base: 0x0000022c5c7e0000

Marking Bits: (CMBitMap*) 0x0000022c4a0d9260
 Bits: [0x0000022c5cfe0000, 0x0000022c5efe0000)

Polling page: 0x0000022c47bb0000

Metaspace:

Usage:
  Non-class:     58.14 MB used.
      Class:      9.87 MB used.
       Both:     68.01 MB used.

Virtual space:
  Non-class space:       64.00 MB reserved,      59.12 MB ( 92%) committed,  1 nodes.
      Class space:      416.00 MB reserved,      10.88 MB (  3%) committed,  1 nodes.
             Both:      480.00 MB reserved,      70.00 MB ( 15%) committed. 

Chunk freelists:
   Non-Class:  4.25 MB
       Class:  5.16 MB
        Both:  9.41 MB

MaxMetaspaceSize: 512.00 MB
CompressedClassSpaceSize: 416.00 MB
Initial GC threshold: 21.00 MB
Current GC threshold: 111.69 MB
CDS: on
 - commit_granule_bytes: 65536.
 - commit_granule_words: 8192.
 - virtual_space_node_default_size: 8388608.
 - enlarge_chunks_in_place: 1.
 - use_allocation_guard: 0.


Internal statistics:

num_allocs_failed_limit: 9.
num_arena_births: 3712.
num_arena_deaths: 0.
num_vsnodes_births: 2.
num_vsnodes_deaths: 0.
num_space_committed: 1120.
num_space_uncommitted: 0.
num_chunks_returned_to_freelist: 9.
num_chunks_taken_from_freelist: 7023.
num_chunk_merges: 9.
num_chunk_splits: 4563.
num_chunks_enlarged: 2794.
num_inconsistent_stats: 0.

CodeHeap 'non-profiled nmethods': size=120000Kb used=3967Kb max_used=4077Kb free=116033Kb
 bounds [0x0000022c54d50000, 0x0000022c55150000, 0x0000022c5c280000]
CodeHeap 'profiled nmethods': size=120000Kb used=13609Kb max_used=14126Kb free=106390Kb
 bounds [0x0000022c4d280000, 0x0000022c4e050000, 0x0000022c547b0000]
CodeHeap 'non-nmethods': size=5760Kb used=2670Kb max_used=2708Kb free=3089Kb
 bounds [0x0000022c547b0000, 0x0000022c54a60000, 0x0000022c54d50000]
CodeCache: size=245760Kb, used=20246Kb, max_used=20911Kb, free=225512Kb
 total_blobs=8175, nmethods=7239, adapters=840, full_count=0
Compilation: enabled, stopped_count=0, restarted_count=0

Compilation events (20 events):
Event: 83.513 Thread 0x0000022c61c50550 nmethod 8390 0x0000022c4d2f9f10 code [0x0000022c4d2fa0e0, 0x0000022c4d2fa4e0]
Event: 83.526 Thread 0x0000022c61c3ba80 8391       4       java.util.concurrent.ConcurrentLinkedQueue::add (6 bytes)
Event: 83.526 Thread 0x0000022c61c50550 8392       3       org.gradle.api.internal.artifacts.configurations.DefaultConfiguration::validateMutation (38 bytes)
Event: 83.527 Thread 0x0000022c61c50550 nmethod 8392 0x0000022c4d461c10 code [0x0000022c4d461f20, 0x0000022c4d463028]
Event: 83.527 Thread 0x0000022c61c50550 8394       3       org.gradle.api.internal.artifacts.configurations.DefaultConfiguration$$Lambda/0x0000022c636efa50::validateMutation (9 bytes)
Event: 83.527 Thread 0x0000022c61c50550 nmethod 8394 0x0000022c4d5c3110 code [0x0000022c4d5c32c0, 0x0000022c4d5c3400]
Event: 83.527 Thread 0x0000022c61c50550 8393       3       org.gradle.api.internal.artifacts.configurations.DefaultConfiguration::preventIllegalMutation (168 bytes)
Event: 83.531 Thread 0x0000022c61c50550 nmethod 8393 0x0000022c4d7c5410 code [0x0000022c4d7c5980, 0x0000022c4d7c8868]
Event: 83.531 Thread 0x0000022c61c50550 8395       3       org.gradle.api.internal.DefaultNamedDomainObjectCollection::findByNameWithoutRules (11 bytes)
Event: 83.532 Thread 0x0000022c61c50550 nmethod 8395 0x0000022c4d7c4f10 code [0x0000022c4d7c50c0, 0x0000022c4d7c5298]
Event: 83.536 Thread 0x0000022c61c3ba80 nmethod 8391 0x0000022c54f19b90 code [0x0000022c54f19d40, 0x0000022c54f1a188]
Event: 83.575 Thread 0x0000022c61c50550 8396       3       org.gradle.internal.instantiation.generator.AsmBackedClassGenerator$ClassBuilderImpl::access$8500 (4 bytes)
Event: 83.575 Thread 0x0000022c61c50550 nmethod 8396 0x0000022c4d4d2390 code [0x0000022c4d4d2520, 0x0000022c4d4d2618]
Event: 83.597 Thread 0x0000022c61c3ba80 8397       4       org.objectweb.asm.MethodWriter::putMethodInfo (1274 bytes)
Event: 83.599 Thread 0x0000022c61c50550 8398       3       org.gradle.api.internal.DefaultDomainObjectCollection::<init> (56 bytes)
Event: 83.600 Thread 0x0000022c61c50550 nmethod 8398 0x0000022c4d583310 code [0x0000022c4d583580, 0x0000022c4d584110]
Event: 83.600 Thread 0x0000022c61c50550 8399       3       org.gradle.api.internal.DefaultDomainObjectCollection$$Lambda/0x0000022c6348a680::<init> (15 bytes)
Event: 83.600 Thread 0x0000022c61c50550 nmethod 8399 0x0000022c4d2f9a90 code [0x0000022c4d2f9c40, 0x0000022c4d2f9e60]
Event: 83.600 Thread 0x0000022c61c50550 8400       3       org.gradle.api.internal.lambdas.SerializableLambdas::action (2 bytes)
Event: 83.600 Thread 0x0000022c61c50550 nmethod 8400 0x0000022c4d5c4010 code [0x0000022c4d5c41a0, 0x0000022c4d5c4290]

GC Heap History (20 events):
Event: 42.541 GC heap before
{Heap before GC invocations=10 (full 0):
 garbage-first heap   total 95232K, used 82244K [0x0000000080000000, 0x0000000100000000)
  region size 1024K, 49 young (50176K), 1 survivors (1024K)
 Metaspace       used 40359K, committed 41856K, reserved 491520K
  class space    used 5848K, committed 6592K, reserved 425984K
}
Event: 42.547 GC heap after
{Heap after GC invocations=11 (full 0):
 garbage-first heap   total 95232K, used 36049K [0x0000000080000000, 0x0000000100000000)
  region size 1024K, 4 young (4096K), 4 survivors (4096K)
 Metaspace       used 40359K, committed 41856K, reserved 491520K
  class space    used 5848K, committed 6592K, reserved 425984K
}
Event: 44.117 GC heap before
{Heap before GC invocations=11 (full 0):
 garbage-first heap   total 95232K, used 84177K [0x0000000080000000, 0x0000000100000000)
  region size 1024K, 49 young (50176K), 4 survivors (4096K)
 Metaspace       used 43243K, committed 44864K, reserved 491520K
  class space    used 6180K, committed 6976K, reserved 425984K
}
Event: 44.124 GC heap after
{Heap after GC invocations=12 (full 0):
 garbage-first heap   total 95232K, used 36739K [0x0000000080000000, 0x0000000100000000)
  region size 1024K, 5 young (5120K), 5 survivors (5120K)
 Metaspace       used 43243K, committed 44864K, reserved 491520K
  class space    used 6180K, committed 6976K, reserved 425984K
}
Event: 48.378 GC heap before
{Heap before GC invocations=12 (full 0):
 garbage-first heap   total 95232K, used 83843K [0x0000000080000000, 0x0000000100000000)
  region size 1024K, 51 young (52224K), 5 survivors (5120K)
 Metaspace       used 48066K, committed 49728K, reserved 491520K
  class space    used 6971K, committed 7744K, reserved 425984K
}
Event: 48.386 GC heap after
{Heap after GC invocations=13 (full 0):
 garbage-first heap   total 95232K, used 39820K [0x0000000080000000, 0x0000000100000000)
  region size 1024K, 5 young (5120K), 5 survivors (5120K)
 Metaspace       used 48066K, committed 49728K, reserved 491520K
  class space    used 6971K, committed 7744K, reserved 425984K
}
Event: 58.755 GC heap before
{Heap before GC invocations=13 (full 0):
 garbage-first heap   total 95232K, used 83852K [0x0000000080000000, 0x0000000100000000)
  region size 1024K, 48 young (49152K), 5 survivors (5120K)
 Metaspace       used 53579K, committed 55296K, reserved 491520K
  class space    used 7733K, committed 8576K, reserved 425984K
}
Event: 58.764 GC heap after
{Heap after GC invocations=14 (full 0):
 garbage-first heap   total 95232K, used 40345K [0x0000000080000000, 0x0000000100000000)
  region size 1024K, 2 young (2048K), 2 survivors (2048K)
 Metaspace       used 53579K, committed 55296K, reserved 491520K
  class space    used 7733K, committed 8576K, reserved 425984K
}
Event: 63.526 GC heap before
{Heap before GC invocations=14 (full 0):
 garbage-first heap   total 95232K, used 85401K [0x0000000080000000, 0x0000000100000000)
  region size 1024K, 46 young (47104K), 2 survivors (2048K)
 Metaspace       used 57375K, committed 59200K, reserved 491520K
  class space    used 8349K, committed 9216K, reserved 425984K
}
Event: 63.536 GC heap after
{Heap after GC invocations=15 (full 0):
 garbage-first heap   total 95232K, used 43598K [0x0000000080000000, 0x0000000100000000)
  region size 1024K, 6 young (6144K), 6 survivors (6144K)
 Metaspace       used 57375K, committed 59200K, reserved 491520K
  class space    used 8349K, committed 9216K, reserved 425984K
}
Event: 64.943 GC heap before
{Heap before GC invocations=15 (full 0):
 garbage-first heap   total 95232K, used 73294K [0x0000000080000000, 0x0000000100000000)
  region size 1024K, 37 young (37888K), 6 survivors (6144K)
 Metaspace       used 58296K, committed 60096K, reserved 491520K
  class space    used 8428K, committed 9344K, reserved 425984K
}
Event: 64.958 GC heap after
{Heap after GC invocations=16 (full 0):
 garbage-first heap   total 95232K, used 44245K [0x0000000080000000, 0x0000000100000000)
  region size 1024K, 2 young (2048K), 2 survivors (2048K)
 Metaspace       used 58296K, committed 60096K, reserved 491520K
  class space    used 8428K, committed 9344K, reserved 425984K
}
Event: 72.045 GC heap before
{Heap before GC invocations=17 (full 0):
 garbage-first heap   total 95232K, used 91349K [0x0000000080000000, 0x0000000100000000)
  region size 1024K, 42 young (43008K), 2 survivors (2048K)
 Metaspace       used 61245K, committed 63104K, reserved 491520K
  class space    used 8801K, committed 9728K, reserved 425984K
}
Event: 72.057 GC heap after
{Heap after GC invocations=18 (full 0):
 garbage-first heap   total 97280K, used 53760K [0x0000000080000000, 0x0000000100000000)
  region size 1024K, 5 young (5120K), 5 survivors (5120K)
 Metaspace       used 61245K, committed 63104K, reserved 491520K
  class space    used 8801K, committed 9728K, reserved 425984K
}
Event: 75.102 GC heap before
{Heap before GC invocations=18 (full 0):
 garbage-first heap   total 97280K, used 88576K [0x0000000080000000, 0x0000000100000000)
  region size 1024K, 39 young (39936K), 5 survivors (5120K)
 Metaspace       used 63658K, committed 65600K, reserved 491520K
  class space    used 9165K, committed 10112K, reserved 425984K
}
Event: 75.125 GC heap after
{Heap after GC invocations=19 (full 0):
 garbage-first heap   total 97280K, used 55352K [0x0000000080000000, 0x0000000100000000)
  region size 1024K, 3 young (3072K), 3 survivors (3072K)
 Metaspace       used 63658K, committed 65600K, reserved 491520K
  class space    used 9165K, committed 10112K, reserved 425984K
}
Event: 77.648 GC heap before
{Heap before GC invocations=19 (full 0):
 garbage-first heap   total 97280K, used 89144K [0x0000000080000000, 0x0000000100000000)
  region size 1024K, 36 young (36864K), 3 survivors (3072K)
 Metaspace       used 66573K, committed 68608K, reserved 491520K
  class space    used 9629K, committed 10624K, reserved 425984K
}
Event: 77.659 GC heap after
{Heap after GC invocations=20 (full 0):
 garbage-first heap   total 97280K, used 56048K [0x0000000080000000, 0x0000000100000000)
  region size 1024K, 3 young (3072K), 3 survivors (3072K)
 Metaspace       used 66573K, committed 68608K, reserved 491520K
  class space    used 9629K, committed 10624K, reserved 425984K
}
Event: 80.706 GC heap before
{Heap before GC invocations=21 (full 0):
 garbage-first heap   total 97280K, used 89840K [0x0000000080000000, 0x0000000100000000)
  region size 1024K, 36 young (36864K), 3 survivors (3072K)
 Metaspace       used 68715K, committed 70784K, reserved 491520K
  class space    used 9956K, committed 10944K, reserved 425984K
}
Event: 80.711 GC heap after
{Heap after GC invocations=22 (full 0):
 garbage-first heap   total 97280K, used 57089K [0x0000000080000000, 0x0000000100000000)
  region size 1024K, 4 young (4096K), 4 survivors (4096K)
 Metaspace       used 68715K, committed 70784K, reserved 491520K
  class space    used 9956K, committed 10944K, reserved 425984K
}

Dll operation events (20 events):
Event: 1.130 Attempting to load shared library C:\Users\HP\.vscode\extensions\redhat.java-1.56.0-win32-x64\jre\21.0.12.1-win32-x86_64\bin\nio.dll
Event: 1.132 Loaded shared library C:\Users\HP\.vscode\extensions\redhat.java-1.56.0-win32-x64\jre\21.0.12.1-win32-x86_64\bin\nio.dll
Event: 1.144 Attempting to load shared library C:\Users\HP\.vscode\extensions\redhat.java-1.56.0-win32-x64\jre\21.0.12.1-win32-x86_64\bin\zip.dll
Event: 1.144 Loaded shared library C:\Users\HP\.vscode\extensions\redhat.java-1.56.0-win32-x64\jre\21.0.12.1-win32-x86_64\bin\zip.dll
Event: 4.603 Attempting to load shared library C:\Users\HP\.vscode\extensions\redhat.java-1.56.0-win32-x64\jre\21.0.12.1-win32-x86_64\bin\jimage.dll
Event: 4.603 Loaded shared library C:\Users\HP\.vscode\extensions\redhat.java-1.56.0-win32-x64\jre\21.0.12.1-win32-x86_64\bin\jimage.dll
Event: 5.693 Attempting to load shared library C:\Users\HP\.vscode\extensions\redhat.java-1.56.0-win32-x64\jre\21.0.12.1-win32-x86_64\bin\verify.dll
Event: 5.703 Loaded shared library C:\Users\HP\.vscode\extensions\redhat.java-1.56.0-win32-x64\jre\21.0.12.1-win32-x86_64\bin\verify.dll
Event: 6.566 Attempting to load shared library C:\Users\HP\.gradle\native\1def1411415f61bf3af743bc5b6707747c0891f09f0c88961ee8f79bc544acac\windows-amd64\native-platform.dll
Event: 6.569 Loaded shared library C:\Users\HP\.gradle\native\1def1411415f61bf3af743bc5b6707747c0891f09f0c88961ee8f79bc544acac\windows-amd64\native-platform.dll
Event: 6.650 Attempting to load shared library C:\Users\HP\.gradle\native\0.2.7\x86_64-windows-gnu\gradle-fileevents.dll
Event: 6.692 Loaded shared library C:\Users\HP\.gradle\native\0.2.7\x86_64-windows-gnu\gradle-fileevents.dll
Event: 14.465 Attempting to load shared library C:\Users\HP\.vscode\extensions\redhat.java-1.56.0-win32-x64\jre\21.0.12.1-win32-x86_64\bin\management.dll
Event: 14.469 Loaded shared library C:\Users\HP\.vscode\extensions\redhat.java-1.56.0-win32-x64\jre\21.0.12.1-win32-x86_64\bin\management.dll
Event: 14.494 Attempting to load shared library C:\Users\HP\.vscode\extensions\redhat.java-1.56.0-win32-x64\jre\21.0.12.1-win32-x86_64\bin\management_ext.dll
Event: 14.506 Loaded shared library C:\Users\HP\.vscode\extensions\redhat.java-1.56.0-win32-x64\jre\21.0.12.1-win32-x86_64\bin\management_ext.dll
Event: 15.573 Attempting to load shared library C:\Users\HP\.vscode\extensions\redhat.java-1.56.0-win32-x64\jre\21.0.12.1-win32-x86_64\bin\extnet.dll
Event: 15.579 Loaded shared library C:\Users\HP\.vscode\extensions\redhat.java-1.56.0-win32-x64\jre\21.0.12.1-win32-x86_64\bin\extnet.dll
Event: 16.935 Attempting to load shared library C:\Users\HP\.vscode\extensions\redhat.java-1.56.0-win32-x64\jre\21.0.12.1-win32-x86_64\bin\sunmscapi.dll
Event: 16.955 Loaded shared library C:\Users\HP\.vscode\extensions\redhat.java-1.56.0-win32-x64\jre\21.0.12.1-win32-x86_64\bin\sunmscapi.dll

Deoptimization events (20 events):
Event: 77.519 Thread 0x0000022c7dcd67f0 DEOPT PACKING pc=0x0000022c54d78a8c sp=0x00000040a32f5030
Event: 77.519 Thread 0x0000022c7dcd67f0 DEOPT UNPACKING pc=0x0000022c54804422 sp=0x00000040a32f4f58 mode 2
Event: 77.561 Thread 0x0000022c7dcd67f0 Uncommon trap: trap_request=0xffffffde fr.pc=0x0000022c54d78a8c relative=0x00000000000002ac
Event: 77.561 Thread 0x0000022c7dcd67f0 Uncommon trap: reason=class_check action=maybe_recompile pc=0x0000022c54d78a8c method=java.util.regex.Matcher.search(I)Z @ 121 c2
Event: 77.561 Thread 0x0000022c7dcd67f0 DEOPT PACKING pc=0x0000022c54d78a8c sp=0x00000040a32f4fd0
Event: 77.561 Thread 0x0000022c7dcd67f0 DEOPT UNPACKING pc=0x0000022c54804422 sp=0x00000040a32f4ef8 mode 2
Event: 77.561 Thread 0x0000022c7dcd67f0 Uncommon trap: trap_request=0xffffffde fr.pc=0x0000022c54d78a8c relative=0x00000000000002ac
Event: 77.561 Thread 0x0000022c7dcd67f0 Uncommon trap: reason=class_check action=maybe_recompile pc=0x0000022c54d78a8c method=java.util.regex.Matcher.search(I)Z @ 121 c2
Event: 77.561 Thread 0x0000022c7dcd67f0 DEOPT PACKING pc=0x0000022c54d78a8c sp=0x00000040a32f4fd0
Event: 77.561 Thread 0x0000022c7dcd67f0 DEOPT UNPACKING pc=0x0000022c54804422 sp=0x00000040a32f4ef8 mode 2
Event: 77.625 Thread 0x0000022c7dcd67f0 Uncommon trap: trap_request=0xffffffde fr.pc=0x0000022c54ee233c relative=0x000000000000027c
Event: 77.625 Thread 0x0000022c7dcd67f0 Uncommon trap: reason=class_check action=maybe_recompile pc=0x0000022c54ee233c method=java.util.regex.Matcher.search(I)Z @ 121 c2
Event: 77.625 Thread 0x0000022c7dcd67f0 DEOPT PACKING pc=0x0000022c54ee233c sp=0x00000040a32f4fb0
Event: 77.625 Thread 0x0000022c7dcd67f0 DEOPT UNPACKING pc=0x0000022c54804422 sp=0x00000040a32f4f50 mode 2
Event: 78.495 Thread 0x0000022c7dcd67f0 Uncommon trap: trap_request=0xffffff45 fr.pc=0x0000022c550199f8 relative=0x0000000000000b78
Event: 78.495 Thread 0x0000022c7dcd67f0 Uncommon trap: reason=unstable_if action=reinterpret pc=0x0000022c550199f8 method=java.util.regex.Pattern.escape(ZZZ)I @ 8 c2
Event: 78.495 Thread 0x0000022c7dcd67f0 DEOPT PACKING pc=0x0000022c550199f8 sp=0x00000040a32f4c30
Event: 78.495 Thread 0x0000022c7dcd67f0 DEOPT UNPACKING pc=0x0000022c54804422 sp=0x00000040a32f4bc8 mode 2
Event: 83.412 Thread 0x0000022c7dcd67f0 DEOPT PACKING pc=0x0000022c4da0388a sp=0x00000040a32f48f0
Event: 83.418 Thread 0x0000022c7dcd67f0 DEOPT UNPACKING pc=0x0000022c54804bc2 sp=0x00000040a32f3dd0 mode 0

Classes loaded (20 events):
Event: 76.472 Loading class com/sun/org/apache/xerces/internal/utils/XMLSecurityPropertyManager
Event: 76.473 Loading class com/sun/org/apache/xerces/internal/utils/XMLSecurityPropertyManager done
Event: 76.473 Loading class com/sun/org/apache/xerces/internal/utils/XMLSecurityPropertyManager$State
Event: 76.473 Loading class com/sun/org/apache/xerces/internal/utils/XMLSecurityPropertyManager$State done
Event: 76.474 Loading class com/sun/org/apache/xerces/internal/utils/XMLSecurityPropertyManager$Property
Event: 76.474 Loading class com/sun/org/apache/xerces/internal/utils/XMLSecurityPropertyManager$Property done
Event: 76.475 Loading class javax/xml/parsers/DocumentBuilderFactory
Event: 76.475 Loading class javax/xml/parsers/DocumentBuilderFactory done
Event: 76.475 Loading class javax/xml/parsers/FactoryFinder
Event: 76.476 Loading class javax/xml/parsers/FactoryFinder done
Event: 76.477 Loading class javax/xml/parsers/FactoryFinder$1
Event: 76.477 Loading class javax/xml/parsers/FactoryFinder$1 done
Event: 76.482 Loading class com/sun/org/apache/xerces/internal/jaxp/DocumentBuilderFactoryImpl
Event: 76.502 Loading class com/sun/org/apache/xerces/internal/jaxp/DocumentBuilderFactoryImpl done
Event: 76.691 Loading class java/util/regex/Pattern$SliceI
Event: 76.691 Loading class java/util/regex/Pattern$SliceI done
Event: 78.117 Loading class java/lang/Character$UnicodeBlock
Event: 78.120 Loading class java/lang/Character$Subset
Event: 78.120 Loading class java/lang/Character$Subset done
Event: 78.120 Loading class java/lang/Character$UnicodeBlock done

Classes unloaded (0 events):
No events

Classes redefined (0 events):
No events

Internal exceptions (20 events):
Event: 70.951 Thread 0x0000022c7dcd67f0 Exception <a 'java/lang/IncompatibleClassChangeError'{0x00000000839b7920}: Found class java.lang.Object, but interface was expected> (0x00000000839b7920) 
thrown [s\src\hotspot\share\interpreter\linkResolver.cpp, line 840]
Event: 73.158 Thread 0x0000022c7dcd67f0 Exception <a 'java/lang/NoSuchMethodError'{0x00000000858c5810}: static Ljava/lang/Object;.<clinit>()V> (0x00000000858c5810) 
thrown [s\src\hotspot\share\prims\jni.cpp, line 1111]
Event: 73.262 Thread 0x0000022c7dcd67f0 Exception <a 'java/lang/NoSuchMethodError'{0x00000000857d0f18}: static Lorg/jetbrains/kotlin/gradle/plugin/statistics/MetricContainer;.<clinit>()V> (0x00000000857d0f18) 
thrown [s\src\hotspot\share\prims\jni.cpp, line 1111]
Event: 76.515 Thread 0x0000022c7dcd67f0 Exception <a 'java/lang/NoSuchMethodError'{0x0000000084926560}: 'java.lang.Object java.lang.invoke.DirectMethodHandle$Holder.newInvokeSpecial(java.lang.Object, java.lang.Object, java.lang.Object, java.lang.Object, java.lang.Object, java.lang.Object, java.lang.Object, java.lang.Object, java.lang.Object, java.lang.Object, java.lang.Object, java.lang.Object, java.lang.Object, java.lang.Object, java.lang.Object, java.lang.Object)'> (0x0000000084926560) 
thrown [s\src\hotspot\share\interpreter\linkResolver.cpp,
Event: 76.516 Thread 0x0000022c7dcd67f0 Exception <a 'java/lang/NoSuchMethodError'{0x000000008492d738}: 'java.lang.Object java.lang.invoke.DirectMethodHandle$Holder.invokeSpecial(java.lang.Object, java.lang.Object, java.lang.Object, java.lang.Object, java.lang.Object, java.lang.Object, java.lang.Object, java.lang.Object, java.lang.Object, java.lang.Object, java.lang.Object, java.lang.Object, java.lang.Object, java.lang.Object, java.lang.Object, java.lang.Object, java.lang.Object)'> (0x000000008492d738) 
thrown [s\src\hotspot\share\interpreter\li
Event: 76.516 Thread 0x0000022c7dcd67f0 Exception <a 'java/lang/NoSuchMethodError'{0x0000000084933878}: 'java.lang.Object java.lang.invoke.DelegatingMethodHandle$Holder.reinvoke_L(java.lang.Object, java.lang.Object, java.lang.Object, java.lang.Object, java.lang.Object, java.lang.Object, java.lang.Object, java.lang.Object, java.lang.Object, java.lang.Object, java.lang.Object, java.lang.Object, java.lang.Object, java.lang.Object, java.lang.Object, java.lang.Object)'> (0x0000000084933878) 
thrown [s\src\hotspot\share\interpreter\linkResolver.cpp, l
Event: 76.909 Thread 0x0000022c7dcd67f0 Exception <a 'java/lang/NoSuchMethodError'{0x0000000084504828}: 'void java.lang.invoke.DirectMethodHandle$Holder.invokeVirtual(java.lang.Object, java.lang.Object)'> (0x0000000084504828) 
thrown [s\src\hotspot\share\interpreter\linkResolver.cpp, line 773]
Event: 77.905 Thread 0x0000022c7dcd67f0 Exception <a 'java/lang/NoSuchMethodError'{0x00000000860442f8}: 'java.lang.Object java.lang.invoke.DirectMethodHandle$Holder.newInvokeSpecial(java.lang.Object, java.lang.Object, java.lang.Object, java.lang.Object, java.lang.Object, java.lang.Object, java.lang.Object, java.lang.Object, java.lang.Object, java.lang.Object, java.lang.Object, java.lang.Object, java.lang.Object, java.lang.Object, java.lang.Object, java.lang.Object, java.lang.Object, java.lang.Object, java.lang.Object, java.lang.Object, java.lang
Event: 81.056 Thread 0x0000022c7dcd67f0 Exception <a 'java/lang/ClassNotFoundException'{0x00000000860d0860}: org/jetbrains/kotlin/gradle/targets/js/npm/DefaultNpmDependencyExtensionBeanInfo> (0x00000000860d0860) 
thrown [s\src\hotspot\share\classfile\systemDictionary.cpp, line 313]
Event: 81.058 Thread 0x0000022c7dcd67f0 Exception <a 'java/lang/ClassNotFoundException'{0x00000000860e4ce0}: org/jetbrains/kotlin/gradle/targets/js/npm/DefaultNpmDependencyExtensionCustomizer> (0x00000000860e4ce0) 
thrown [s\src\hotspot\share\classfile\systemDictionary.cpp, line 313]
Event: 81.153 Thread 0x0000022c7dcd67f0 Exception <a 'java/lang/ClassNotFoundException'{0x0000000085f8d8d8}: org/jetbrains/kotlin/gradle/targets/js/npm/NpmDependencyExtensionKt$defaultNpmDependencyDelegate$1BeanInfo> (0x0000000085f8d8d8) 
thrown [s\src\hotspot\share\classfile\systemDictionary.cpp, line 313]
Event: 81.156 Thread 0x0000022c7dcd67f0 Exception <a 'java/lang/ClassNotFoundException'{0x0000000085fa1d98}: org/jetbrains/kotlin/gradle/targets/js/npm/NpmDependencyExtensionDelegateBeanInfo> (0x0000000085fa1d98) 
thrown [s\src\hotspot\share\classfile\systemDictionary.cpp, line 313]
Event: 81.158 Thread 0x0000022c7dcd67f0 Exception <a 'java/lang/ClassNotFoundException'{0x0000000085fb6258}: org/jetbrains/kotlin/gradle/targets/js/npm/NpmDependencyExtensionDelegateCustomizer> (0x0000000085fb6258) 
thrown [s\src\hotspot\share\classfile\systemDictionary.cpp, line 313]
Event: 81.163 Thread 0x0000022c7dcd67f0 Exception <a 'java/lang/ClassNotFoundException'{0x0000000085ff27b8}: org/jetbrains/kotlin/gradle/targets/js/npm/NpmDependencyExtensionKt$defaultNpmDependencyDelegate$1Customizer> (0x0000000085ff27b8) 
thrown [s\src\hotspot\share\classfile\systemDictionary.cpp, line 313]
Event: 81.227 Thread 0x0000022c7dcd67f0 Exception <a 'java/lang/ClassNotFoundException'{0x0000000085a3dc18}: org/jetbrains/kotlin/gradle/targets/js/npm/DefaultDevNpmDependencyExtensionBeanInfo> (0x0000000085a3dc18) 
thrown [s\src\hotspot\share\classfile\systemDictionary.cpp, line 313]
Event: 81.255 Thread 0x0000022c7dcd67f0 Exception <a 'java/lang/ClassNotFoundException'{0x0000000085a520f0}: org/jetbrains/kotlin/gradle/targets/js/npm/DefaultDevNpmDependencyExtensionCustomizer> (0x0000000085a520f0) 
thrown [s\src\hotspot\share\classfile\systemDictionary.cpp, line 313]
Event: 81.344 Thread 0x0000022c7dcd67f0 Exception <a 'java/lang/ClassNotFoundException'{0x0000000085aa67a0}: org/jetbrains/kotlin/gradle/targets/js/npm/DefaultPeerNpmDependencyExtensionBeanInfo> (0x0000000085aa67a0) 
thrown [s\src\hotspot\share\classfile\systemDictionary.cpp, line 313]
Event: 81.351 Thread 0x0000022c7dcd67f0 Exception <a 'java/lang/ClassNotFoundException'{0x0000000085abac88}: org/jetbrains/kotlin/gradle/targets/js/npm/DefaultPeerNpmDependencyExtensionCustomizer> (0x0000000085abac88) 
thrown [s\src\hotspot\share\classfile\systemDictionary.cpp, line 313]
Event: 81.419 Thread 0x0000022c7dcd67f0 Exception <a 'java/lang/ClassNotFoundException'{0x0000000085917c48}: org/jetbrains/kotlin/gradle/targets/js/npm/DefaultPeerNpmDependencyExtension$delegate$1BeanInfo> (0x0000000085917c48) 
thrown [s\src\hotspot\share\classfile\systemDictionary.cpp, line 313]
Event: 81.420 Thread 0x0000022c7dcd67f0 Exception <a 'java/lang/ClassNotFoundException'{0x000000008592c338}: org/jetbrains/kotlin/gradle/targets/js/npm/DefaultPeerNpmDependencyExtension$delegate$1Customizer> (0x000000008592c338) 
thrown [s\src\hotspot\share\classfile\systemDictionary.cpp, line 313]

ZGC Phase Switch (0 events):
No events

VM Operations (20 events):
Event: 76.572 Executing non-safepoint VM operation: HandshakeAllThreads (Deoptimize)
Event: 76.572 Executing non-safepoint VM operation: HandshakeAllThreads (Deoptimize) done
Event: 77.586 Executing safepoint VM operation: Cleanup
Event: 77.603 Executing safepoint VM operation: Cleanup done
Event: 77.648 Executing safepoint VM operation: G1CollectForAllocation (G1 Evacuation Pause)
Event: 77.659 Executing safepoint VM operation: G1CollectForAllocation (G1 Evacuation Pause) done
Event: 77.704 Executing safepoint VM operation: G1PauseRemark
Event: 77.727 Executing safepoint VM operation: G1PauseRemark done
Event: 77.744 Executing safepoint VM operation: G1PauseCleanup
Event: 77.744 Executing safepoint VM operation: G1PauseCleanup done
Event: 78.746 Executing safepoint VM operation: Cleanup
Event: 78.746 Executing safepoint VM operation: Cleanup done
Event: 79.761 Executing safepoint VM operation: Cleanup
Event: 79.762 Executing safepoint VM operation: Cleanup done
Event: 80.705 Executing safepoint VM operation: G1CollectForAllocation (G1 Evacuation Pause)
Event: 80.711 Executing safepoint VM operation: G1CollectForAllocation (G1 Evacuation Pause) done
Event: 81.721 Executing safepoint VM operation: Cleanup
Event: 81.722 Executing safepoint VM operation: Cleanup done
Event: 82.736 Executing safepoint VM operation: Cleanup
Event: 82.752 Executing safepoint VM operation: Cleanup done

Memory protections (0 events):
No events

Nmethod flushes (20 events):
Event: 77.724 Thread 0x0000022c61c16830 flushing  nmethod 0x0000022c4d7d9310
Event: 77.724 Thread 0x0000022c61c16830 flushing  nmethod 0x0000022c4d7fe090
Event: 77.724 Thread 0x0000022c61c16830 flushing  nmethod 0x0000022c4d838290
Event: 77.724 Thread 0x0000022c61c16830 flushing  nmethod 0x0000022c4d83a510
Event: 77.724 Thread 0x0000022c61c16830 flushing  nmethod 0x0000022c4d83df90
Event: 77.724 Thread 0x0000022c61c16830 flushing  nmethod 0x0000022c4d872690
Event: 77.724 Thread 0x0000022c61c16830 flushing  nmethod 0x0000022c4d876810
Event: 77.724 Thread 0x0000022c61c16830 flushing  nmethod 0x0000022c4d877410
Event: 77.724 Thread 0x0000022c61c16830 flushing  nmethod 0x0000022c4d88ef90
Event: 77.724 Thread 0x0000022c61c16830 flushing  nmethod 0x0000022c4d88f790
Event: 77.724 Thread 0x0000022c61c16830 flushing  nmethod 0x0000022c4d98bf10
Event: 77.724 Thread 0x0000022c61c16830 flushing  nmethod 0x0000022c4d991310
Event: 77.724 Thread 0x0000022c61c16830 flushing  nmethod 0x0000022c4d991690
Event: 77.724 Thread 0x0000022c61c16830 flushing  nmethod 0x0000022c4d992010
Event: 77.724 Thread 0x0000022c61c16830 flushing  nmethod 0x0000022c4d994610
Event: 77.724 Thread 0x0000022c61c16830 flushing  nmethod 0x0000022c4d994f90
Event: 77.724 Thread 0x0000022c61c16830 flushing  nmethod 0x0000022c4dcabf90
Event: 77.724 Thread 0x0000022c61c16830 flushing  nmethod 0x0000022c4dcce610
Event: 77.724 Thread 0x0000022c61c16830 flushing  nmethod 0x0000022c4dcceb10
Event: 77.724 Thread 0x0000022c61c16830 flushing  nmethod 0x0000022c4dcd1790

Events (20 events):
Event: 63.709 Thread 0x0000022c7dcd67f0 Thread added: 0x0000022c04557630
Event: 63.764 Thread 0x0000022c7dcd67f0 Thread added: 0x0000022c0455b140
Event: 63.766 Thread 0x0000022c7dcd67f0 Thread added: 0x0000022c04557cc0
Event: 63.771 Thread 0x0000022c7dcd67f0 Thread added: 0x0000022c0455b7d0
Event: 63.779 Thread 0x0000022c7dcd67f0 Thread added: 0x0000022c0455a420
Event: 63.792 Thread 0x0000022c7dcd67f0 Thread added: 0x0000022c04558350
Event: 63.798 Thread 0x0000022c7dcd67f0 Thread added: 0x0000022c0455be60
Event: 63.933 Thread 0x0000022c7dcd67f0 Thread added: 0x0000022c04559070
Event: 63.935 Thread 0x0000022c7dcd67f0 Thread added: 0x0000022c045589e0
Event: 63.939 Thread 0x0000022c7dcd67f0 Thread added: 0x0000022c0455c4f0
Event: 63.942 Thread 0x0000022c7dcd67f0 Thread added: 0x0000022c0455cb80
Event: 63.952 Thread 0x0000022c7dcd67f0 Thread added: 0x0000022c04559700
Event: 63.954 Thread 0x0000022c7dcd67f0 Thread added: 0x0000022c0455ec50
Event: 63.956 Thread 0x0000022c7dcd67f0 Thread added: 0x0000022c0455d210
Event: 63.958 Thread 0x0000022c7dcd67f0 Thread added: 0x0000022c0455d8a0
Event: 63.959 Thread 0x0000022c7dcd67f0 Thread added: 0x0000022c0455df30
Event: 63.960 Thread 0x0000022c7dcd67f0 Thread added: 0x0000022c0455e5c0
Event: 63.962 Thread 0x0000022c7dcd67f0 Thread added: 0x0000022c04bcd160
Event: 73.505 Thread 0x0000022c7dcd67f0 Thread added: 0x0000022c04bcde80
Event: 76.860 Thread 0x0000022c7dcd67f0 Thread added: 0x0000022c04bcc440


Dynamic libraries:
0x00007ff7100b0000 - 0x00007ff7100be000 	C:\Users\HP\.vscode\extensions\redhat.java-1.56.0-win32-x64\jre\21.0.12.1-win32-x86_64\bin\java.exe
0x00007fff7ed80000 - 0x00007fff7efe7000 	C:\WINDOWS\SYSTEM32\ntdll.dll
0x00007fff7dbb0000 - 0x00007fff7dc7a000 	C:\WINDOWS\System32\KERNEL32.DLL
0x00007fff7c1b0000 - 0x00007fff7c5b2000 	C:\WINDOWS\System32\KERNELBASE.dll
0x00007fff7c050000 - 0x00007fff7c19c000 	C:\WINDOWS\System32\ucrtbase.dll
0x00007fff66260000 - 0x00007fff66278000 	C:\Users\HP\.vscode\extensions\redhat.java-1.56.0-win32-x64\jre\21.0.12.1-win32-x86_64\bin\jli.dll
0x00007fff7d880000 - 0x00007fff7da4f000 	C:\WINDOWS\System32\USER32.dll
0x00007fff7ca80000 - 0x00007fff7caa7000 	C:\WINDOWS\System32\win32u.dll
0x00007fff7d520000 - 0x00007fff7d54b000 	C:\WINDOWS\System32\GDI32.dll
0x00007fff7c5c0000 - 0x00007fff7c6e9000 	C:\WINDOWS\System32\gdi32full.dll
0x00007fff7c940000 - 0x00007fff7c9e3000 	C:\WINDOWS\System32\msvcp_win.dll
0x00007fff54f20000 - 0x00007fff54f3e000 	C:\Users\HP\.vscode\extensions\redhat.java-1.56.0-win32-x64\jre\21.0.12.1-win32-x86_64\bin\VCRUNTIME140.dll
0x00007fff585c0000 - 0x00007fff58850000 	C:\WINDOWS\WinSxS\amd64_microsoft.windows.common-controls_6595b64144ccf1df_6.0.26100.9278_none_3e0d1ba8e3303201\COMCTL32.dll
0x00007fff7dc90000 - 0x00007fff7dd39000 	C:\WINDOWS\System32\msvcrt.dll
0x00007fff7d650000 - 0x00007fff7d681000 	C:\WINDOWS\System32\IMM32.DLL
0x00007fff66370000 - 0x00007fff6637c000 	C:\Users\HP\.vscode\extensions\redhat.java-1.56.0-win32-x64\jre\21.0.12.1-win32-x86_64\bin\vcruntime140_1.dll
0x00007fff54440000 - 0x00007fff544cd000 	C:\Users\HP\.vscode\extensions\redhat.java-1.56.0-win32-x64\jre\21.0.12.1-win32-x86_64\bin\msvcp140.dll
0x00007ffea3f80000 - 0x00007ffea4d22000 	C:\Users\HP\.vscode\extensions\redhat.java-1.56.0-win32-x64\jre\21.0.12.1-win32-x86_64\bin\server\jvm.dll
0x00007fff7cc50000 - 0x00007fff7cd0c000 	C:\WINDOWS\System32\ADVAPI32.dll
0x00007fff7e800000 - 0x00007fff7e8a9000 	C:\WINDOWS\System32\sechost.dll
0x00007fff7cd20000 - 0x00007fff7ce38000 	C:\WINDOWS\System32\RPCRT4.dll
0x00007fff7e770000 - 0x00007fff7e7f0000 	C:\WINDOWS\System32\WS2_32.dll
0x00007fff7bdf0000 - 0x00007fff7be4e000 	C:\WINDOWS\SYSTEM32\POWRPROF.dll
0x00007fff6fd60000 - 0x00007fff6fd96000 	C:\WINDOWS\SYSTEM32\WINMM.dll
0x00007fff65870000 - 0x00007fff6587b000 	C:\WINDOWS\SYSTEM32\VERSION.dll
0x00007fff7bdd0000 - 0x00007fff7bde5000 	C:\WINDOWS\SYSTEM32\UMPDC.dll
0x00007fff7ac60000 - 0x00007fff7ac7b000 	C:\WINDOWS\SYSTEM32\kernel.appcore.dll
0x00007fff66250000 - 0x00007fff6625a000 	C:\Users\HP\.vscode\extensions\redhat.java-1.56.0-win32-x64\jre\21.0.12.1-win32-x86_64\bin\jimage.dll
0x00007fff79490000 - 0x00007fff796d2000 	C:\WINDOWS\SYSTEM32\DBGHELP.DLL
0x00007fff7d190000 - 0x00007fff7d514000 	C:\WINDOWS\System32\combase.dll
0x00007fff7cf50000 - 0x00007fff7d029000 	C:\WINDOWS\System32\OLEAUT32.dll
0x00007fff4ed00000 - 0x00007fff4ed3b000 	C:\WINDOWS\SYSTEM32\dbgcore.DLL
0x00007fff7c880000 - 0x00007fff7c92c000 	C:\WINDOWS\System32\bcryptPrimitives.dll
0x00007fff62770000 - 0x00007fff6277f000 	C:\Users\HP\.vscode\extensions\redhat.java-1.56.0-win32-x64\jre\21.0.12.1-win32-x86_64\bin\instrument.dll
0x00007fff54f00000 - 0x00007fff54f20000 	C:\Users\HP\.vscode\extensions\redhat.java-1.56.0-win32-x64\jre\21.0.12.1-win32-x86_64\bin\java.dll
0x00007fff7dd50000 - 0x00007fff7e4e8000 	C:\WINDOWS\System32\SHELL32.dll
0x00007fff799c0000 - 0x00007fff7a26e000 	C:\WINDOWS\SYSTEM32\windows.storage.dll
0x00007fff7cab0000 - 0x00007fff7cbab000 	C:\WINDOWS\System32\SHCORE.dll
0x00007fff7cbb0000 - 0x00007fff7cc16000 	C:\WINDOWS\System32\shlwapi.dll
0x00007fff7beb0000 - 0x00007fff7bed9000 	C:\WINDOWS\SYSTEM32\profapi.dll
0x00007fff54ee0000 - 0x00007fff54ef8000 	C:\Users\HP\.vscode\extensions\redhat.java-1.56.0-win32-x64\jre\21.0.12.1-win32-x86_64\bin\zip.dll
0x00007fff58410000 - 0x00007fff58420000 	C:\Users\HP\.vscode\extensions\redhat.java-1.56.0-win32-x64\jre\21.0.12.1-win32-x86_64\bin\net.dll
0x00007fff6fc30000 - 0x00007fff6fd5a000 	C:\WINDOWS\SYSTEM32\WINHTTP.dll
0x00007fff7b220000 - 0x00007fff7b28c000 	C:\WINDOWS\system32\mswsock.dll
0x00007fff54ec0000 - 0x00007fff54ed6000 	C:\Users\HP\.vscode\extensions\redhat.java-1.56.0-win32-x64\jre\21.0.12.1-win32-x86_64\bin\nio.dll
0x00007fff57ff0000 - 0x00007fff58000000 	C:\Users\HP\.vscode\extensions\redhat.java-1.56.0-win32-x64\jre\21.0.12.1-win32-x86_64\bin\verify.dll
0x00007fff53e00000 - 0x00007fff53e27000 	C:\Users\HP\.gradle\native\1def1411415f61bf3af743bc5b6707747c0891f09f0c88961ee8f79bc544acac\windows-amd64\native-platform.dll
0x00007fff239f0000 - 0x00007fff23a68000 	C:\Users\HP\.gradle\native\0.2.7\x86_64-windows-gnu\gradle-fileevents.dll
0x00007fff56ee0000 - 0x00007fff56eea000 	C:\Users\HP\.vscode\extensions\redhat.java-1.56.0-win32-x64\jre\21.0.12.1-win32-x86_64\bin\management.dll
0x00007fff54f80000 - 0x00007fff54f8c000 	C:\Users\HP\.vscode\extensions\redhat.java-1.56.0-win32-x64\jre\21.0.12.1-win32-x86_64\bin\management_ext.dll
0x00007fff7dd40000 - 0x00007fff7dd48000 	C:\WINDOWS\System32\PSAPI.DLL
0x00007fff7a5f0000 - 0x00007fff7a623000 	C:\WINDOWS\SYSTEM32\IPHLPAPI.DLL
0x00007fff7dba0000 - 0x00007fff7dbaa000 	C:\WINDOWS\System32\NSI.dll
0x00007fff54f70000 - 0x00007fff54f79000 	C:\Users\HP\.vscode\extensions\redhat.java-1.56.0-win32-x64\jre\21.0.12.1-win32-x86_64\bin\extnet.dll
0x00007fff7b510000 - 0x00007fff7b52b000 	C:\WINDOWS\SYSTEM32\CRYPTSP.dll
0x00007fff7abc0000 - 0x00007fff7abf9000 	C:\WINDOWS\system32\rsaenh.dll
0x00007fff7b2d0000 - 0x00007fff7b304000 	C:\WINDOWS\SYSTEM32\USERENV.dll
0x00007fff7be80000 - 0x00007fff7beaa000 	C:\WINDOWS\SYSTEM32\bcrypt.dll
0x00007fff7b530000 - 0x00007fff7b53c000 	C:\WINDOWS\SYSTEM32\CRYPTBASE.dll
0x00007fff54f60000 - 0x00007fff54f6e000 	C:\Users\HP\.vscode\extensions\redhat.java-1.56.0-win32-x64\jre\21.0.12.1-win32-x86_64\bin\sunmscapi.dll
0x00007fff7c6f0000 - 0x00007fff7c86e000 	C:\WINDOWS\System32\CRYPT32.dll
0x00007fff7b750000 - 0x00007fff7b780000 	C:\WINDOWS\SYSTEM32\ncrypt.dll
0x00007fff7b700000 - 0x00007fff7b73f000 	C:\WINDOWS\SYSTEM32\NTASN1.dll
0x00007fff42610000 - 0x00007fff42618000 	C:\WINDOWS\system32\wshunix.dll

JVMTI agents:
C:\Users\HP\.gradle\wrapper\dists\gradle-8.14.1-bin\baw1sv0jfoi8rxs14qo3h49cs\gradle-8.14.1\lib\agents\gradle-instrumentation-agent-8.14.1.jar path:C:\Users\HP\.vscode\extensions\redhat.java-1.56.0-win32-x64\jre\21.0.12.1-win32-x86_64\bin\instrument.dll, loaded, initialized, instrumentlib options:none

dbghelp: loaded successfully - version: 4.0.5 - missing functions: none
symbol engine: initialized successfully - sym options: 0x614 - pdb path: .;C:\Users\HP\.vscode\extensions\redhat.java-1.56.0-win32-x64\jre\21.0.12.1-win32-x86_64\bin;C:\WINDOWS\SYSTEM32;C:\WINDOWS\WinSxS\amd64_microsoft.windows.common-controls_6595b64144ccf1df_6.0.26100.9278_none_3e0d1ba8e3303201;C:\Users\HP\.vscode\extensions\redhat.java-1.56.0-win32-x64\jre\21.0.12.1-win32-x86_64\bin\server;C:\Users\HP\.gradle\native\1def1411415f61bf3af743bc5b6707747c0891f09f0c88961ee8f79bc544acac\windows-amd64;C:\Users\HP\.gradle\native\0.2.7\x86_64-windows-gnu

VM Arguments:
jvm_args: --add-opens=java.base/java.lang=ALL-UNNAMED --add-opens=java.base/java.lang.invoke=ALL-UNNAMED --add-opens=java.base/java.util=ALL-UNNAMED --add-opens=java.prefs/java.util.prefs=ALL-UNNAMED --add-exports=jdk.compiler/com.sun.tools.javac.api=ALL-UNNAMED --add-exports=jdk.compiler/com.sun.tools.javac.util=ALL-UNNAMED --add-opens=java.base/java.util=ALL-UNNAMED --add-opens=java.prefs/java.util.prefs=ALL-UNNAMED --add-opens=java.base/java.nio.charset=ALL-UNNAMED --add-opens=java.base/java.net=ALL-UNNAMED --add-opens=java.base/java.util.concurrent.atomic=ALL-UNNAMED --add-opens=java.xml/javax.xml.namespace=ALL-UNNAMED -XX:MaxMetaspaceSize=512m -Xmx2048m -Dfile.encoding=UTF-8 -Duser.country=IN -Duser.language=en -Duser.variant -javaagent:C:\Users\HP\.gradle\wrapper\dists\gradle-8.14.1-bin\baw1sv0jfoi8rxs14qo3h49cs\gradle-8.14.1\lib\agents\gradle-instrumentation-agent-8.14.1.jar 
java_command: org.gradle.launcher.daemon.bootstrap.GradleDaemon 8.14.1
java_class_path (initial): C:\Users\HP\.gradle\wrapper\dists\gradle-8.14.1-bin\baw1sv0jfoi8rxs14qo3h49cs\gradle-8.14.1\lib\gradle-daemon-main-8.14.1.jar
Launcher Type: SUN_STANDARD

[Global flags]
     intx CICompilerCount                          = 4                                         {product} {ergonomic}
   size_t CompressedClassSpaceSize                 = 436207616                                 {product} {ergonomic}
     uint ConcGCThreads                            = 3                                         {product} {ergonomic}
     uint G1ConcRefinementThreads                  = 10                                        {product} {ergonomic}
   size_t G1HeapRegionSize                         = 1048576                                   {product} {ergonomic}
    uintx GCDrainStackTargetSize                   = 64                                        {product} {ergonomic}
   size_t InitialHeapSize                          = 130023424                                 {product} {ergonomic}
   size_t MarkStackSize                            = 4194304                                   {product} {ergonomic}
   size_t MaxHeapSize                              = 2147483648                                {product} {command line}
   size_t MaxMetaspaceSize                         = 536870912                                 {product} {command line}
   size_t MaxNewSize                               = 1287651328                                {product} {ergonomic}
   size_t MinHeapDeltaBytes                        = 1048576                                   {product} {ergonomic}
   size_t MinHeapSize                              = 8388608                                   {product} {ergonomic}
    uintx NonNMethodCodeHeapSize                   = 5839372                                {pd product} {ergonomic}
    uintx NonProfiledCodeHeapSize                  = 122909434                              {pd product} {ergonomic}
    uintx ProfiledCodeHeapSize                     = 122909434                              {pd product} {ergonomic}
    uintx ReservedCodeCacheSize                    = 251658240                              {pd product} {ergonomic}
     bool SegmentedCodeCache                       = true                                      {product} {ergonomic}
   size_t SoftMaxHeapSize                          = 2147483648                             {manageable} {ergonomic}
     bool UseCompressedOops                        = true                           {product lp64_product} {ergonomic}
     bool UseG1GC                                  = true                                      {product} {ergonomic}
     bool UseLargePagesIndividualAllocation        = false                                  {pd product} {ergonomic}

Logging:
Log output configuration:
 #0: stdout all=warning uptime,level,tags foldmultilines=false
 #1: stderr all=off uptime,level,tags foldmultilines=false

Release file:
JAVA_VERSION="21.0.12.1" 
MODULES="java.base java.compiler java.datatransfer java.xml java.prefs java.desktop java.instrument java.logging java.management java.security.sasl java.naming java.rmi java.management.rmi java.net.http java.scripting java.security.jgss java.transaction.xa java.sql java.sql.rowset java.xml.crypto java.se java.smartcardio jdk.accessibility jdk.internal.jvmstat jdk.attach jdk.charsets jdk.internal.opt jdk.zipfs jdk.compiler jdk.crypto.ec jdk.crypto.cryptoki jdk.crypto.mscapi jdk.dynalink jdk.internal.ed jdk.editpad jdk.hotspot.agent jdk.httpserver jdk.internal.le jdk.internal.vm.ci jdk.internal.vm.compiler jdk.internal.vm.compiler.management jdk.jartool jdk.javadoc jdk.jcmd jdk.management jdk.management.agent jdk.jconsole jdk.jdeps jdk.jdwp.agent jdk.jdi jdk.jfr jdk.jshell jdk.jsobject jdk.jstatd jdk.localedata jdk.management.jfr jdk.naming.dns jdk.naming.rmi jdk.net jdk.nio.mapmode jdk.random jdk.sctp jdk.security.auth jdk.security.jgss jdk.unsupported jdk.unsupported.desktop jdk.xml.dom" 

Environment Variables:
JAVA_HOME=C:\Program Files\Microsoft\jdk-17.0.15.6-hotspot
PATH=C:\Program Files\Microsoft\jdk-17.0.15.6-hotspot\bin;C:\WINDOWS\system32;C:\WINDOWS;C:\WINDOWS\System32\Wbem;C:\WINDOWS\System32\WindowsPowerShell\v1.0\;C:\WINDOWS\System32\OpenSSH\;C:\Program Files\Git\cmd;C:\Program Files\dotnet\;C:\ProgramData\chocolatey\bin;C:\Users\HP\AppData\Local\Android\Sdk\platform-tools;C:\Users\HP\AppData\Local\Android\Sdk;C:\Users\HP\AppData\Local\Android\Sdk\emulator;;C:\Program Files\Docker\Docker\resources\bin;C:\Program Files\PuTTY\;C:\Program Files\nodejs\;C:\Program Files\MySQL\MySQL Shell 8.0\bin\;C:\Users\HP\AppData\Local\Microsoft\WindowsApps;C:\Users\HP\AppData\Local\Programs\Microsoft VS Code\bin;C:\Users\HP\AppData\Local\Android\Sdk\platform-tools;C:\Users\HP\AppData\Local\Android\Sdk;C:\Users\HP\AppData\Local\Android\Sdk\emulator;C:\Users\HP\AppData\Roaming\npm;D:\Antigravity IDE\bin;C:\Users\HP\AppData\Local\Programs\Antigravity IDE\bin
USERNAME=HP
OS=Windows_NT
PROCESSOR_IDENTIFIER=Intel64 Family 6 Model 154 Stepping 4, GenuineIntel
TMP=C:\Users\HP\AppData\Local\Temp
TEMP=C:\Users\HP\AppData\Local\Temp




Periodic native trim disabled

---------------  S Y S T E M  ---------------

OS:
 Windows 11 , 64 bit Build 26100 (10.0.26100.9278)
OS uptime: 0 days 4:06 hours
Hyper-V role detected

CPU: total 12 (initial active 12) (6 cores per cpu, 2 threads per core) family 6 model 154 stepping 4 microcode 0x437, cx8, cmov, fxsr, ht, mmx, 3dnowpref, sse, sse2, sse3, ssse3, sse4.1, sse4.2, popcnt, lzcnt, tsc, tscinvbit, avx, avx2, aes, erms, clmul, bmi1, bmi2, adx, sha, fma, vzeroupper, clflush, clflushopt, clwb, hv, serialize, rdtscp, rdpid, fsrm, f16c, cet_ibt, cet_ss
Processor Information for the first 12 processors :
  Max Mhz: 1300, Current Mhz: 1300, Mhz Limit: 1300

Memory: 4k page, system-wide physical 7835M (371M free)
TotalPageFile size 36740M (AvailPageFile size 21M)
current process WorkingSet (physical memory assigned to process): 165M, peak: 231M
current process commit charge ("private bytes"): 338M, peak: 352M

vm_info: OpenJDK 64-Bit Server VM (21.0.12.1+1-LTS) for windows-amd64 JRE (21.0.12.1+1-LTS), built on 2026-08-18T00:00:00Z by "admin" with MS VC++ 17.12 (VS2022)

END.
